<html>
<body>
<pre>
<h1>µVision Build Log</h1>
<h2>Tool Versions:</h2>
IDE-Version: £gVision V5.14.2.1
Copyright (C) 2015 ARM Ltd and ARM Germany GmbH. All rights reserved.
License Information: Cortex-M0, Dreampro, LIC=BUURA-1KYXZ-LQP0Q-NADJ4-BRK7P-P5XZK
 
Tool Versions:
Toolchain:       MDK-ARM Standard  Version: 5.13.0.0
Toolchain Path:  C:\Keil_v5\ARM\ARMCC\Bin
C Compiler:      Armcc.exe V5.05 update 1 (build 106)
Assembler:       Armasm.exe V5.05 update 1 (build 106)
Linker/Locator:  ArmLink.exe V5.05 update 1 (build 106)
Library Manager: ArmAr.exe V5.05 update 1 (build 106)
Hex Converter:   FromElf.exe V5.05 update 1 (build 106)
CPU DLL:         SARMCM3.DLL V5.13.0.0
Dialog DLL:      DARMCM1.DLL V1.12.0.0
Target DLL:      UL2CM3.DLL V1.154.12.0
Dialog DLL:      TARMCM1.DLL V1.9.0.0
 
<h2>Project:</h2>
C:\Johnson_project\2016_Project\BLE_Pedometer\Fittless_wearable\firmware_design\git-project\arm\ak2_v1_1_0.uvprojx
Project File Date:  05/17/2016

<h2>Output:</h2>
*** Using Compiler 'V5.05 update 1 (build 106)', folder: 'C:\Keil_v5\ARM\ARMCC\Bin'
Rebuild target 'ak2_v1_1_0'
Clean started - Project: 'ak2_v1_1_0'
   deleting intermediate output files for target 'ak2_v1_1_0'
creating preprocessor file for system_nrf51.c...
compiling system_nrf51.c...
assembling arm_startup_nrf51.s...
creating preprocessor file for ble_srv_common.c...
compiling ble_srv_common.c...
creating preprocessor file for ble_nus.c...
compiling ble_nus.c...
creating preprocessor file for ble_advdata.c...
compiling ble_advdata.c...
creating preprocessor file for ble_conn_params.c...
compiling ble_conn_params.c...
creating preprocessor file for ble_flash.c...
compiling ble_flash.c...
creating preprocessor file for softdevice_handler.c...
compiling softdevice_handler.c...
creating preprocessor file for nrf_delay.c...
compiling nrf_delay.c...
creating preprocessor file for simple_uart.c...
compiling simple_uart.c...
creating preprocessor file for app_timer.c...
compiling app_timer.c...
creating preprocessor file for app_button.c...
compiling app_button.c...
creating preprocessor file for app_gpiote.c...
compiling app_gpiote.c...
creating preprocessor file for main.c...
compiling main.c...
creating preprocessor file for adc_apps.c...
compiling adc_apps.c...
creating preprocessor file for ble_proximity.c...
compiling ble_proximity.c...
creating preprocessor file for ble_apps_uart.c...
compiling ble_apps_uart.c...
creating preprocessor file for timer.c...
compiling timer.c...
creating preprocessor file for spi_master.c...
compiling spi_master.c...
creating preprocessor file for led.c...
compiling led.c...
creating preprocessor file for oled_096.c...
compiling oled_096.c...
creating preprocessor file for key.c...
compiling key.c...
creating preprocessor file for uart.c...
compiling uart.c...
creating preprocessor file for retarget.c...
compiling retarget.c...
creating preprocessor file for rtc.c...
compiling rtc.c...
creating preprocessor file for adc_heart_rate.c...
compiling adc_heart_rate.c...
linking...
Program Size: Code=12252 RO-data=2904 RW-data=216 ZI-data=4064  
".\obj\ak2_v1_1_0.axf" - 0 Error(s), 0 Warning(s).

*** Performing Cross-Module-Optimization:
compiling system_nrf51.c...
compiling ble_srv_common.c...
compiling ble_nus.c...
compiling ble_advdata.c...
compiling ble_conn_params.c...
compiling ble_flash.c...
compiling softdevice_handler.c...
compiling nrf_delay.c...
compiling simple_uart.c...
compiling app_timer.c...
compiling app_button.c...
compiling app_gpiote.c...
compiling main.c...
compiling adc_apps.c...
compiling ble_proximity.c...
compiling ble_apps_uart.c...
compiling timer.c...
compiling spi_master.c...
compiling led.c...
compiling oled_096.c...
compiling key.c...
compiling uart.c...
compiling retarget.c...
compiling rtc.c...
compiling adc_heart_rate.c...
linking...
Program Size: Code=10980 RO-data=2904 RW-data=216 ZI-data=4064  
compiling system_nrf51.c...
compiling ble_srv_common.c...
compiling ble_nus.c...
compiling ble_advdata.c...
compiling ble_conn_params.c...
compiling ble_flash.c...
compiling softdevice_handler.c...
compiling nrf_delay.c...
compiling simple_uart.c...
compiling app_timer.c...
compiling app_button.c...
compiling app_gpiote.c...
compiling main.c...
compiling adc_apps.c...
compiling ble_proximity.c...
compiling ble_apps_uart.c...
compiling timer.c...
compiling spi_master.c...
compiling led.c...
compiling oled_096.c...
compiling key.c...
compiling uart.c...
compiling retarget.c...
compiling rtc.c...
compiling adc_heart_rate.c...
linking...
Program Size: Code=10980 RO-data=2904 RW-data=216 ZI-data=4064  
FromELF: creating hex file...
".\obj\ak2_v1_1_0.axf" - 0 Error(s), 0 Warning(s).
*** Completed Cross-Module-Optimization after 3 iteration(s).

<h2>Collection of Component include folders:</h2>
  C:\Johnson_project\2016_Project\BLE_Pedometer\Fittless_wearable\firmware_design\git-project\arm\RTE
  C:\Keil_v5\ARM\PACK\NordicSemiconductor\nRF_DeviceFamilyPack\8.6.0\Device\Include

<h2>Collection of Component Files used:</h2>
</pre>
</body>
</html>
