Component: ARM Compiler 5.05 update 1 (build 106) Tool: armlink [4d0efa]

==============================================================================

Section Cross References

    system_nrf51.o(.text) refers to system_nrf51.o(.data) for .data
    arm_startup_nrf51.o(RESET) refers to arm_startup_nrf51.o(STACK) for __initial_sp
    arm_startup_nrf51.o(RESET) refers to arm_startup_nrf51.o(.text) for Reset_Handler
    arm_startup_nrf51.o(RESET) refers to uart.o(.text) for UART0_IRQHandler
    arm_startup_nrf51.o(RESET) refers to app_gpiote.o(.text) for GPIOTE_IRQHandler
    arm_startup_nrf51.o(RESET) refers to adc_heart_rate.o(.text) for ADC_IRQHandler
    arm_startup_nrf51.o(RESET) refers to timer.o(.text) for TIMER2_IRQHandler
    arm_startup_nrf51.o(RESET) refers to app_timer.o(.text) for RTC1_IRQHandler
    arm_startup_nrf51.o(RESET) refers to softdevice_handler.o(.text) for SWI2_IRQHandler
    arm_startup_nrf51.o(.text) refers to system_nrf51.o(.text) for SystemInit
    arm_startup_nrf51.o(.text) refers to entry.o(.ARM.Collect$$$$00000000) for __main
    ble_srv_common.o(.text) refers to strlen.o(.text) for strlen
    ble_nus.o(.text) refers to memseta.o(.text) for __aeabi_memclr4
    ble_nus.o(.text) refers to ble_nus.o(.constdata) for .constdata
    ble_advdata.o(.text) refers to memcpya.o(.text) for __aeabi_memcpy
    ble_conn_params.o(.text) refers to memcpya.o(.text) for __aeabi_memcpy4
    ble_conn_params.o(.text) refers to app_timer.o(.text) for app_timer_create
    ble_conn_params.o(.text) refers to ble_conn_params.o(.data) for .data
    ble_conn_params.o(.text) refers to ble_conn_params.o(.bss) for .bss
    ble_conn_params.o(.text) refers to app_timer.o(.text) for app_timer_stop
    ble_conn_params.o(.text) refers to ble_conn_params.o(.data) for .data
    ble_conn_params.o(.text) refers to memcpya.o(.text) for __aeabi_memcpy
    ble_conn_params.o(.text) refers to ble_conn_params.o(.text) for is_conn_params_ok
    ble_conn_params.o(.text) refers to ble_conn_params.o(.data) for .data
    ble_conn_params.o(.text) refers to ble_conn_params.o(.bss) for .bss
    ble_flash.o(.text) refers to ble_flash.o(.data) for .data
    ble_flash.o(.text) refers to ble_flash.o(.text) for flash_word_write
    ble_flash.o(.text) refers to ble_flash.o(.text) for flash_word_write
    ble_flash.o(.text) refers to ble_flash.o(.text) for flash_page_erase
    ble_flash.o(.text) refers to ble_flash.o(.text) for ble_flash_crc16_compute
    ble_flash.o(.text) refers to ble_flash.o(.text) for flash_page_erase
    ble_flash.o(.text) refers to ble_flash.o(.text) for flash_word_write
    ble_flash.o(.text) refers to memcpya.o(.text) for __aeabi_memcpy4
    ble_flash.o(.text) refers to ble_flash.o(.text) for ble_flash_crc16_compute
    ble_flash.o(.text) refers to ble_flash.o(.data) for .data
    softdevice_handler.o(.text) refers to main.o(.text) for assert_nrf_callback
    softdevice_handler.o(.text) refers to softdevice_handler.o(.data) for .data
    softdevice_handler.o(.text) refers to softdevice_handler.o(.data) for .data
    softdevice_handler.o(.text) refers to softdevice_handler.o(.data) for .data
    nrf_delay.o(.text) refers to nrf_delay.o(.emb_text) for __asm___11_nrf_delay_c_532987f3__nrf_delay_us
    simple_uart.o(.text) refers to simple_uart.o(.emb_text) for __asm___13_simple_uart_c_5dda6715__nrf_delay_us
    simple_uart.o(.text) refers to simple_uart.o(.text) for simple_uart_put
    app_timer.o(.text) refers to main.o(.text) for app_error_handler
    app_timer.o(.text) refers to app_timer.o(.data) for .data
    app_timer.o(.text) refers to app_timer.o(.emb_text) for __asm___11_app_timer_c_cd27f9c3__nrf_delay_us
    app_timer.o(.text) refers to app_timer.o(.text) for user_id_get
    app_timer.o(.text) refers to app_timer.o(.data) for .data
    app_button.o(.text) refers to app_gpiote.o(.text) for app_gpiote_pins_state_get
    app_button.o(.text) refers to main.o(.text) for app_error_handler
    app_button.o(.text) refers to app_button.o(.data) for .data
    app_button.o(.text) refers to app_timer.o(.text) for app_timer_stop
    app_button.o(.text) refers to app_button.o(.data) for .data
    app_button.o(.text) refers to app_gpiote.o(.text) for app_gpiote_user_register
    app_button.o(.text) refers to app_timer.o(.text) for app_timer_create
    app_button.o(.text) refers to app_button.o(.data) for .data
    app_button.o(.text) refers to app_button.o(.text) for gpiote_event_handler
    app_button.o(.text) refers to app_button.o(.text) for detection_delay_timeout_handler
    app_button.o(.text) refers to app_gpiote.o(.text) for app_gpiote_user_enable
    app_button.o(.text) refers to app_button.o(.data) for .data
    app_button.o(.text) refers to app_gpiote.o(.text) for app_gpiote_user_disable
    app_button.o(.text) refers to app_timer.o(.text) for app_timer_stop
    app_button.o(.text) refers to app_button.o(.data) for .data
    app_button.o(.text) refers to app_gpiote.o(.text) for app_gpiote_pins_state_get
    app_button.o(.text) refers to app_button.o(.data) for .data
    app_gpiote.o(.text) refers to app_gpiote.o(.data) for .data
    app_gpiote.o(.text) refers to app_gpiote.o(.data) for .data
    app_gpiote.o(.text) refers to memseta.o(.text) for __aeabi_memclr4
    app_gpiote.o(.text) refers to app_gpiote.o(.data) for .data
    app_gpiote.o(.text) refers to app_gpiote.o(.text) for pins_sense_disable
    app_gpiote.o(.text) refers to app_gpiote.o(.data) for .data
    app_gpiote.o(.text) refers to app_gpiote.o(.data) for .data
    app_gpiote.o(.text) refers to app_gpiote.o(.text) for pins_sense_disable
    app_gpiote.o(.text) refers to app_gpiote.o(.data) for .data
    app_gpiote.o(.text) refers to app_gpiote.o(.data) for .data
    main.o(.text) refers to ble_apps_uart.o(.text) for BLE_UART_Init
    main.o(.text) refers to uart.o(.text) for UART_init
    main.o(.text) refers to oled_096.o(.text) for OLED_Init
    main.o(.text) refers to printf3.o(i.__0printf$3) for __2printf
    main.o(.text) refers to rtc.o(.text) for rtc_config
    main.o(.text) refers to adc_heart_rate.o(.text) for ADC_Heart_Rate_Init
    main.o(.text) refers to timer.o(.text) for Timer2_init
    main.o(.text) refers to memseta.o(.text) for __aeabi_memclr
    main.o(.text) refers to ble_nus.o(.text) for ble_nus_send_string
    main.o(.text) refers to adc_heart_rate.o(.data) for HRM_Run
    main.o(.text) refers to rtc.o(.data) for temp_buffer
    main.o(.text) refers to ble_apps_uart.o(.bss) for m_nus
    ble_apps_uart.o(.text) refers to oled_096.o(.text) for OLED_WR_Byte
    ble_apps_uart.o(.text) refers to printf3.o(i.__0printf$3) for __2printf
    ble_apps_uart.o(.text) refers to main.o(.text) for app_error_handler
    ble_apps_uart.o(.text) refers to memseta.o(.text) for __aeabi_memclr4
    ble_apps_uart.o(.text) refers to memcpya.o(.text) for __aeabi_memcpy
    ble_apps_uart.o(.text) refers to ble_conn_params.o(.text) for ble_conn_params_on_ble_evt
    ble_apps_uart.o(.text) refers to ble_nus.o(.text) for ble_nus_on_ble_evt
    ble_apps_uart.o(.text) refers to app_timer.o(.text) for app_timer_init
    ble_apps_uart.o(.text) refers to ble_apps_uart.o(.data) for .data
    ble_apps_uart.o(.text) refers to rtc.o(.bss) for RTC_Con
    ble_apps_uart.o(.text) refers to oled_096.o(.data) for OLED_Contrast
    ble_apps_uart.o(.text) refers to ble_apps_uart.o(.bss) for .bss
    ble_apps_uart.o(.text) refers to softdevice_handler.o(.text) for softdevice_handler_init
    ble_apps_uart.o(.text) refers to ble_advdata.o(.text) for ble_advdata_set
    ble_apps_uart.o(.text) refers to rtc.o(.text) for rtc_timeout_handler
    ble_apps_uart.o(.text) refers to rtc.o(.data) for m_rtc_update_timer_id
    ble_apps_uart.o(.text) refers to ble_apps_uart.o(.constdata) for .constdata
    timer.o(.text) refers to adc_heart_rate.o(.text) for adc_Heart_Signal_Process
    timer.o(.text) refers to ble_nus.o(.text) for ble_nus_send_string
    timer.o(.text) refers to main.o(.text) for app_error_handler
    timer.o(.text) refers to timer.o(.data) for .data
    timer.o(.text) refers to adc_heart_rate.o(.data) for HRM_Update
    timer.o(.text) refers to ble_apps_uart.o(.data) for BT_TR_time_count
    timer.o(.text) refers to ble_apps_uart.o(.data) for change_state
    timer.o(.text) refers to ble_apps_uart.o(.bss) for m_nus
    led.o(.text) refers to nrf_delay.o(.text) for nrf_delay_ms
    led.o(.text) refers to led.o(.data) for .data
    oled_096.o(.text) refers to spi_master.o(.text) for spi_master_tx_rx
    oled_096.o(.text) refers to nrf_delay.o(.text) for nrf_delay_ms
    oled_096.o(.text) refers to oled_096.o(.bss) for .bss
    oled_096.o(.text) refers to oled_096.o(.data) for .data
    oled_096.o(.text) refers to oled_096.o(.constdata) for .constdata
    oled_096.o(.text) refers to oled_096.o(.text) for OLED_WR_Byte
    oled_096.o(.text) refers to oled_096.o(.text) for OLED_WR_Byte
    oled_096.o(.text) refers to oled_096.o(.text) for OLED_DrawPoint
    oled_096.o(.text) refers to oled_096.o(.text) for oled_pow
    oled_096.o(.text) refers to uidiv.o(.text) for __aeabi_uidivmod
    oled_096.o(.text) refers to oled_096.o(.text) for OLED_ShowChar
    uart.o(.text) refers to nrf_delay.o(.text) for nrf_delay_ms
    uart.o(.text) refers to oled_096.o(.text) for OLED_WR_Byte
    uart.o(.text) refers to simple_uart.o(.text) for simple_uart_config
    uart.o(.text) refers to printf3.o(i.__0printf$3) for __2printf
    uart.o(.text) refers to uidiv.o(.text) for __aeabi_uidivmod
    uart.o(.text) refers to uart.o(.data) for .data
    uart.o(.text) refers to uart.o(.bss) for .bss
    uart.o(.text) refers to rtc.o(.bss) for RTC_Con
    uart.o(.text) refers to oled_096.o(.data) for OLED_Contrast
    uart.o(.text) refers to main.o(.data) for Firmware_Ver
    retarget.o(.text) refers to simple_uart.o(.text) for simple_uart_put
    retarget.o(.text) refers to simple_uart.o(.text) for simple_uart_get
    retarget.o(.text) refers to simple_uart.o(.text) for simple_uart_put
    rtc.o(.text) refers to rtc.o(i.__ARM_common_switch8) for __ARM_common_switch8
    rtc.o(.text) refers to uidiv.o(.text) for __aeabi_uidivmod
    rtc.o(.text) refers to app_timer.o(.text) for app_timer_start
    rtc.o(.text) refers to main.o(.text) for app_error_handler
    rtc.o(.text) refers to printf3.o(i.__0printf$3) for __2printf
    rtc.o(.text) refers to uart.o(.text) for Convert_16bit_to_BCD_ASCII
    rtc.o(.text) refers to oled_096.o(.text) for OLED_ShowString
    rtc.o(.text) refers to rtc.o(.bss) for .bss
    rtc.o(.text) refers to rtc.o(.data) for .data
    rtc.o(.text) refers to adc_heart_rate.o(.data) for ADC_Sample_Per_Sec
    rtc.o(.text) refers to rtc.o(.bss) for .bss
    rtc.o(.text) refers to rtc.o(.bss) for .bss
    rtc.o(.text) refers to rtc.o(.bss) for .bss
    rtc.o(.text) refers to rtc.o(.bss) for .bss
    rtc.o(.text) refers to rtc.o(.bss) for .bss
    rtc.o(.text) refers to rtc.o(.bss) for .bss
    adc_heart_rate.o(.text) refers to idiv.o(.text) for __aeabi_idivmod
    adc_heart_rate.o(.text) refers to uidiv.o(.text) for __aeabi_uidivmod
    adc_heart_rate.o(.text) refers to adc_heart_rate.o(.data) for .data
    adc_heart_rate.o(.text) refers to adc_heart_rate.o(.bss) for .bss
    entry.o(.ARM.Collect$$$$00000000) refers (Special) to entry10a.o(.ARM.Collect$$$$0000000D) for __rt_final_cpp
    entry.o(.ARM.Collect$$$$00000000) refers (Special) to entry11a.o(.ARM.Collect$$$$0000000F) for __rt_final_exit
    entry.o(.ARM.Collect$$$$00000000) refers (Special) to entry7b.o(.ARM.Collect$$$$00000008) for _main_clock
    entry.o(.ARM.Collect$$$$00000000) refers (Special) to entry8b.o(.ARM.Collect$$$$0000000A) for _main_cpp_init
    entry.o(.ARM.Collect$$$$00000000) refers (Special) to entry9a.o(.ARM.Collect$$$$0000000B) for _main_init
    entry.o(.ARM.Collect$$$$00000000) refers (Special) to entry5.o(.ARM.Collect$$$$00000004) for _main_scatterload
    entry.o(.ARM.Collect$$$$00000000) refers (Special) to entry2.o(.ARM.Collect$$$$00000001) for _main_stk
    idiv.o(.text) refers to uidiv.o(.text) for __aeabi_uidivmod
    printfb.o(i.__0fprintf$bare) refers to printfb.o(i._printf_core) for _printf_core
    printfb.o(i.__0fprintf$bare) refers to retarget.o(.text) for fputc
    printfb.o(i.__0printf$bare) refers to printfb.o(i._printf_core) for _printf_core
    printfb.o(i.__0printf$bare) refers to retarget.o(.text) for fputc
    printfb.o(i.__0printf$bare) refers to retarget.o(.data) for __stdout
    printfb.o(i.__0snprintf$bare) refers to printfb.o(i._printf_core) for _printf_core
    printfb.o(i.__0snprintf$bare) refers to printfb.o(i._snputc) for _snputc
    printfb.o(i.__0sprintf$bare) refers to printfb.o(i._printf_core) for _printf_core
    printfb.o(i.__0sprintf$bare) refers to printfb.o(i._sputc) for _sputc
    printfb.o(i.__0vfprintf$bare) refers to printfb.o(i._printf_core) for _printf_core
    printfb.o(i.__0vfprintf$bare) refers to retarget.o(.text) for fputc
    printfb.o(i.__0vprintf$bare) refers to printfb.o(i._printf_core) for _printf_core
    printfb.o(i.__0vprintf$bare) refers to retarget.o(.text) for fputc
    printfb.o(i.__0vprintf$bare) refers to retarget.o(.data) for __stdout
    printfb.o(i.__0vsnprintf$bare) refers to printfb.o(i._printf_core) for _printf_core
    printfb.o(i.__0vsnprintf$bare) refers to printfb.o(i._snputc) for _snputc
    printfb.o(i.__0vsprintf$bare) refers to printfb.o(i._printf_core) for _printf_core
    printfb.o(i.__0vsprintf$bare) refers to printfb.o(i._sputc) for _sputc
    printf0.o(i.__0fprintf$0) refers to printf0.o(i._printf_core) for _printf_core
    printf0.o(i.__0fprintf$0) refers to retarget.o(.text) for fputc
    printf0.o(i.__0printf$0) refers to printf0.o(i._printf_core) for _printf_core
    printf0.o(i.__0printf$0) refers to retarget.o(.text) for fputc
    printf0.o(i.__0printf$0) refers to retarget.o(.data) for __stdout
    printf0.o(i.__0snprintf$0) refers to printf0.o(i._printf_core) for _printf_core
    printf0.o(i.__0snprintf$0) refers to printf0.o(i._snputc) for _snputc
    printf0.o(i.__0sprintf$0) refers to printf0.o(i._printf_core) for _printf_core
    printf0.o(i.__0sprintf$0) refers to printf0.o(i._sputc) for _sputc
    printf0.o(i.__0vfprintf$0) refers to printf0.o(i._printf_core) for _printf_core
    printf0.o(i.__0vfprintf$0) refers to retarget.o(.text) for fputc
    printf0.o(i.__0vprintf$0) refers to printf0.o(i._printf_core) for _printf_core
    printf0.o(i.__0vprintf$0) refers to retarget.o(.text) for fputc
    printf0.o(i.__0vprintf$0) refers to retarget.o(.data) for __stdout
    printf0.o(i.__0vsnprintf$0) refers to printf0.o(i._printf_core) for _printf_core
    printf0.o(i.__0vsnprintf$0) refers to printf0.o(i._snputc) for _snputc
    printf0.o(i.__0vsprintf$0) refers to printf0.o(i._printf_core) for _printf_core
    printf0.o(i.__0vsprintf$0) refers to printf0.o(i._sputc) for _sputc
    printf1.o(i.__0fprintf$1) refers to printf1.o(i._printf_core) for _printf_core
    printf1.o(i.__0fprintf$1) refers to retarget.o(.text) for fputc
    printf1.o(i.__0printf$1) refers to printf1.o(i._printf_core) for _printf_core
    printf1.o(i.__0printf$1) refers to retarget.o(.text) for fputc
    printf1.o(i.__0printf$1) refers to retarget.o(.data) for __stdout
    printf1.o(i.__0snprintf$1) refers to printf1.o(i._printf_core) for _printf_core
    printf1.o(i.__0snprintf$1) refers to printf1.o(i._snputc) for _snputc
    printf1.o(i.__0sprintf$1) refers to printf1.o(i._printf_core) for _printf_core
    printf1.o(i.__0sprintf$1) refers to printf1.o(i._sputc) for _sputc
    printf1.o(i.__0vfprintf$1) refers to printf1.o(i._printf_core) for _printf_core
    printf1.o(i.__0vfprintf$1) refers to retarget.o(.text) for fputc
    printf1.o(i.__0vprintf$1) refers to printf1.o(i._printf_core) for _printf_core
    printf1.o(i.__0vprintf$1) refers to retarget.o(.text) for fputc
    printf1.o(i.__0vprintf$1) refers to retarget.o(.data) for __stdout
    printf1.o(i.__0vsnprintf$1) refers to printf1.o(i._printf_core) for _printf_core
    printf1.o(i.__0vsnprintf$1) refers to printf1.o(i._snputc) for _snputc
    printf1.o(i.__0vsprintf$1) refers to printf1.o(i._printf_core) for _printf_core
    printf1.o(i.__0vsprintf$1) refers to printf1.o(i._sputc) for _sputc
    printf1.o(i._printf_core) refers to uidiv.o(.text) for __aeabi_uidivmod
    printf2.o(i.__0fprintf$2) refers to printf2.o(i._printf_core) for _printf_core
    printf2.o(i.__0fprintf$2) refers to retarget.o(.text) for fputc
    printf2.o(i.__0printf$2) refers to printf2.o(i._printf_core) for _printf_core
    printf2.o(i.__0printf$2) refers to retarget.o(.text) for fputc
    printf2.o(i.__0printf$2) refers to retarget.o(.data) for __stdout
    printf2.o(i.__0snprintf$2) refers to printf2.o(i._printf_core) for _printf_core
    printf2.o(i.__0snprintf$2) refers to printf2.o(i._snputc) for _snputc
    printf2.o(i.__0sprintf$2) refers to printf2.o(i._printf_core) for _printf_core
    printf2.o(i.__0sprintf$2) refers to printf2.o(i._sputc) for _sputc
    printf2.o(i.__0vfprintf$2) refers to printf2.o(i._printf_core) for _printf_core
    printf2.o(i.__0vfprintf$2) refers to retarget.o(.text) for fputc
    printf2.o(i.__0vprintf$2) refers to printf2.o(i._printf_core) for _printf_core
    printf2.o(i.__0vprintf$2) refers to retarget.o(.text) for fputc
    printf2.o(i.__0vprintf$2) refers to retarget.o(.data) for __stdout
    printf2.o(i.__0vsnprintf$2) refers to printf2.o(i._printf_core) for _printf_core
    printf2.o(i.__0vsnprintf$2) refers to printf2.o(i._snputc) for _snputc
    printf2.o(i.__0vsprintf$2) refers to printf2.o(i._printf_core) for _printf_core
    printf2.o(i.__0vsprintf$2) refers to printf2.o(i._sputc) for _sputc
    printf3.o(i.__0fprintf$3) refers to printf3.o(i._printf_core) for _printf_core
    printf3.o(i.__0fprintf$3) refers to retarget.o(.text) for fputc
    printf3.o(i.__0printf$3) refers to printf3.o(i._printf_core) for _printf_core
    printf3.o(i.__0printf$3) refers to retarget.o(.text) for fputc
    printf3.o(i.__0printf$3) refers to retarget.o(.data) for __stdout
    printf3.o(i.__0snprintf$3) refers to printf3.o(i._printf_core) for _printf_core
    printf3.o(i.__0snprintf$3) refers to printf3.o(i._snputc) for _snputc
    printf3.o(i.__0sprintf$3) refers to printf3.o(i._printf_core) for _printf_core
    printf3.o(i.__0sprintf$3) refers to printf3.o(i._sputc) for _sputc
    printf3.o(i.__0vfprintf$3) refers to printf3.o(i._printf_core) for _printf_core
    printf3.o(i.__0vfprintf$3) refers to retarget.o(.text) for fputc
    printf3.o(i.__0vprintf$3) refers to printf3.o(i._printf_core) for _printf_core
    printf3.o(i.__0vprintf$3) refers to retarget.o(.text) for fputc
    printf3.o(i.__0vprintf$3) refers to retarget.o(.data) for __stdout
    printf3.o(i.__0vsnprintf$3) refers to printf3.o(i._printf_core) for _printf_core
    printf3.o(i.__0vsnprintf$3) refers to printf3.o(i._snputc) for _snputc
    printf3.o(i.__0vsprintf$3) refers to printf3.o(i._printf_core) for _printf_core
    printf3.o(i.__0vsprintf$3) refers to printf3.o(i._sputc) for _sputc
    printf3.o(i._printf_core) refers to uidiv.o(.text) for __aeabi_uidivmod
    printf4.o(i.__0fprintf$4) refers to printf4.o(i._printf_core) for _printf_core
    printf4.o(i.__0fprintf$4) refers to retarget.o(.text) for fputc
    printf4.o(i.__0printf$4) refers to printf4.o(i._printf_core) for _printf_core
    printf4.o(i.__0printf$4) refers to retarget.o(.text) for fputc
    printf4.o(i.__0printf$4) refers to retarget.o(.data) for __stdout
    printf4.o(i.__0snprintf$4) refers to printf4.o(i._printf_core) for _printf_core
    printf4.o(i.__0snprintf$4) refers to printf4.o(i._snputc) for _snputc
    printf4.o(i.__0sprintf$4) refers to printf4.o(i._printf_core) for _printf_core
    printf4.o(i.__0sprintf$4) refers to printf4.o(i._sputc) for _sputc
    printf4.o(i.__0vfprintf$4) refers to printf4.o(i._printf_core) for _printf_core
    printf4.o(i.__0vfprintf$4) refers to retarget.o(.text) for fputc
    printf4.o(i.__0vprintf$4) refers to printf4.o(i._printf_core) for _printf_core
    printf4.o(i.__0vprintf$4) refers to retarget.o(.text) for fputc
    printf4.o(i.__0vprintf$4) refers to retarget.o(.data) for __stdout
    printf4.o(i.__0vsnprintf$4) refers to printf4.o(i._printf_core) for _printf_core
    printf4.o(i.__0vsnprintf$4) refers to printf4.o(i._snputc) for _snputc
    printf4.o(i.__0vsprintf$4) refers to printf4.o(i._printf_core) for _printf_core
    printf4.o(i.__0vsprintf$4) refers to printf4.o(i._sputc) for _sputc
    printf4.o(i._printf_core) refers to uldiv.o(.text) for __aeabi_uldivmod
    printf5.o(i.__0fprintf$5) refers to printf5.o(i._printf_core) for _printf_core
    printf5.o(i.__0fprintf$5) refers to retarget.o(.text) for fputc
    printf5.o(i.__0printf$5) refers to printf5.o(i._printf_core) for _printf_core
    printf5.o(i.__0printf$5) refers to retarget.o(.text) for fputc
    printf5.o(i.__0printf$5) refers to retarget.o(.data) for __stdout
    printf5.o(i.__0snprintf$5) refers to printf5.o(i._printf_core) for _printf_core
    printf5.o(i.__0snprintf$5) refers to printf5.o(i._snputc) for _snputc
    printf5.o(i.__0sprintf$5) refers to printf5.o(i._printf_core) for _printf_core
    printf5.o(i.__0sprintf$5) refers to printf5.o(i._sputc) for _sputc
    printf5.o(i.__0vfprintf$5) refers to printf5.o(i._printf_core) for _printf_core
    printf5.o(i.__0vfprintf$5) refers to retarget.o(.text) for fputc
    printf5.o(i.__0vprintf$5) refers to printf5.o(i._printf_core) for _printf_core
    printf5.o(i.__0vprintf$5) refers to retarget.o(.text) for fputc
    printf5.o(i.__0vprintf$5) refers to retarget.o(.data) for __stdout
    printf5.o(i.__0vsnprintf$5) refers to printf5.o(i._printf_core) for _printf_core
    printf5.o(i.__0vsnprintf$5) refers to printf5.o(i._snputc) for _snputc
    printf5.o(i.__0vsprintf$5) refers to printf5.o(i._printf_core) for _printf_core
    printf5.o(i.__0vsprintf$5) refers to printf5.o(i._sputc) for _sputc
    printf5.o(i._printf_core) refers to uldiv.o(.text) for __aeabi_uldivmod
    printf6.o(i.__0fprintf$6) refers to printf6.o(i._printf_core) for _printf_core
    printf6.o(i.__0fprintf$6) refers to retarget.o(.text) for fputc
    printf6.o(i.__0printf$6) refers to printf6.o(i._printf_core) for _printf_core
    printf6.o(i.__0printf$6) refers to retarget.o(.text) for fputc
    printf6.o(i.__0printf$6) refers to retarget.o(.data) for __stdout
    printf6.o(i.__0snprintf$6) refers to printf6.o(i._printf_core) for _printf_core
    printf6.o(i.__0snprintf$6) refers to printf6.o(i._snputc) for _snputc
    printf6.o(i.__0sprintf$6) refers to printf6.o(i._printf_core) for _printf_core
    printf6.o(i.__0sprintf$6) refers to printf6.o(i._sputc) for _sputc
    printf6.o(i.__0vfprintf$6) refers to printf6.o(i._printf_core) for _printf_core
    printf6.o(i.__0vfprintf$6) refers to retarget.o(.text) for fputc
    printf6.o(i.__0vprintf$6) refers to printf6.o(i._printf_core) for _printf_core
    printf6.o(i.__0vprintf$6) refers to retarget.o(.text) for fputc
    printf6.o(i.__0vprintf$6) refers to retarget.o(.data) for __stdout
    printf6.o(i.__0vsnprintf$6) refers to printf6.o(i._printf_core) for _printf_core
    printf6.o(i.__0vsnprintf$6) refers to printf6.o(i._snputc) for _snputc
    printf6.o(i.__0vsprintf$6) refers to printf6.o(i._printf_core) for _printf_core
    printf6.o(i.__0vsprintf$6) refers to printf6.o(i._sputc) for _sputc
    printf6.o(i._printf_core) refers to printf6.o(i._printf_pre_padding) for _printf_pre_padding
    printf6.o(i._printf_core) refers to printf6.o(i._printf_post_padding) for _printf_post_padding
    printf6.o(i._printf_core) refers to uidiv.o(.text) for __aeabi_uidivmod
    printf7.o(i.__0fprintf$7) refers to printf7.o(i._printf_core) for _printf_core
    printf7.o(i.__0fprintf$7) refers to retarget.o(.text) for fputc
    printf7.o(i.__0printf$7) refers to printf7.o(i._printf_core) for _printf_core
    printf7.o(i.__0printf$7) refers to retarget.o(.text) for fputc
    printf7.o(i.__0printf$7) refers to retarget.o(.data) for __stdout
    printf7.o(i.__0snprintf$7) refers to printf7.o(i._printf_core) for _printf_core
    printf7.o(i.__0snprintf$7) refers to printf7.o(i._snputc) for _snputc
    printf7.o(i.__0sprintf$7) refers to printf7.o(i._printf_core) for _printf_core
    printf7.o(i.__0sprintf$7) refers to printf7.o(i._sputc) for _sputc
    printf7.o(i.__0vfprintf$7) refers to printf7.o(i._printf_core) for _printf_core
    printf7.o(i.__0vfprintf$7) refers to retarget.o(.text) for fputc
    printf7.o(i.__0vprintf$7) refers to printf7.o(i._printf_core) for _printf_core
    printf7.o(i.__0vprintf$7) refers to retarget.o(.text) for fputc
    printf7.o(i.__0vprintf$7) refers to retarget.o(.data) for __stdout
    printf7.o(i.__0vsnprintf$7) refers to printf7.o(i._printf_core) for _printf_core
    printf7.o(i.__0vsnprintf$7) refers to printf7.o(i._snputc) for _snputc
    printf7.o(i.__0vsprintf$7) refers to printf7.o(i._printf_core) for _printf_core
    printf7.o(i.__0vsprintf$7) refers to printf7.o(i._sputc) for _sputc
    printf7.o(i._printf_core) refers to printf7.o(i._printf_pre_padding) for _printf_pre_padding
    printf7.o(i._printf_core) refers to printf7.o(i._printf_post_padding) for _printf_post_padding
    printf7.o(i._printf_core) refers to uldiv.o(.text) for __aeabi_uldivmod
    printf8.o(i.__0fprintf$8) refers to printf8.o(i._printf_core) for _printf_core
    printf8.o(i.__0fprintf$8) refers to retarget.o(.text) for fputc
    printf8.o(i.__0printf$8) refers to printf8.o(i._printf_core) for _printf_core
    printf8.o(i.__0printf$8) refers to retarget.o(.text) for fputc
    printf8.o(i.__0printf$8) refers to retarget.o(.data) for __stdout
    printf8.o(i.__0snprintf$8) refers to printf8.o(i._printf_core) for _printf_core
    printf8.o(i.__0snprintf$8) refers to printf8.o(i._snputc) for _snputc
    printf8.o(i.__0sprintf$8) refers to printf8.o(i._printf_core) for _printf_core
    printf8.o(i.__0sprintf$8) refers to printf8.o(i._sputc) for _sputc
    printf8.o(i.__0vfprintf$8) refers to printf8.o(i._printf_core) for _printf_core
    printf8.o(i.__0vfprintf$8) refers to retarget.o(.text) for fputc
    printf8.o(i.__0vprintf$8) refers to printf8.o(i._printf_core) for _printf_core
    printf8.o(i.__0vprintf$8) refers to retarget.o(.text) for fputc
    printf8.o(i.__0vprintf$8) refers to retarget.o(.data) for __stdout
    printf8.o(i.__0vsnprintf$8) refers to printf8.o(i._printf_core) for _printf_core
    printf8.o(i.__0vsnprintf$8) refers to printf8.o(i._snputc) for _snputc
    printf8.o(i.__0vsprintf$8) refers to printf8.o(i._printf_core) for _printf_core
    printf8.o(i.__0vsprintf$8) refers to printf8.o(i._sputc) for _sputc
    printf8.o(i._printf_core) refers to printf8.o(i._printf_pre_padding) for _printf_pre_padding
    printf8.o(i._printf_core) refers to printf8.o(i._printf_post_padding) for _printf_post_padding
    printf8.o(i._printf_core) refers to uldiv.o(.text) for __aeabi_uldivmod
    printfa.o(i.__0fprintf) refers (Special) to iusefp.o(.text) for __I$use$fp
    printfa.o(i.__0fprintf) refers to printfa.o(i._printf_core) for _printf_core
    printfa.o(i.__0fprintf) refers to retarget.o(.text) for fputc
    printfa.o(i.__0printf) refers (Special) to iusefp.o(.text) for __I$use$fp
    printfa.o(i.__0printf) refers to printfa.o(i._printf_core) for _printf_core
    printfa.o(i.__0printf) refers to retarget.o(.text) for fputc
    printfa.o(i.__0printf) refers to retarget.o(.data) for __stdout
    printfa.o(i.__0snprintf) refers (Special) to iusefp.o(.text) for __I$use$fp
    printfa.o(i.__0snprintf) refers to printfa.o(i._printf_core) for _printf_core
    printfa.o(i.__0snprintf) refers to printfa.o(i._snputc) for _snputc
    printfa.o(i.__0sprintf) refers (Special) to iusefp.o(.text) for __I$use$fp
    printfa.o(i.__0sprintf) refers to printfa.o(i._printf_core) for _printf_core
    printfa.o(i.__0sprintf) refers to printfa.o(i._sputc) for _sputc
    printfa.o(i.__0vfprintf) refers (Special) to iusefp.o(.text) for __I$use$fp
    printfa.o(i.__0vfprintf) refers to printfa.o(i._printf_core) for _printf_core
    printfa.o(i.__0vfprintf) refers to retarget.o(.text) for fputc
    printfa.o(i.__0vprintf) refers (Special) to iusefp.o(.text) for __I$use$fp
    printfa.o(i.__0vprintf) refers to printfa.o(i._printf_core) for _printf_core
    printfa.o(i.__0vprintf) refers to retarget.o(.text) for fputc
    printfa.o(i.__0vprintf) refers to retarget.o(.data) for __stdout
    printfa.o(i.__0vsnprintf) refers (Special) to iusefp.o(.text) for __I$use$fp
    printfa.o(i.__0vsnprintf) refers to printfa.o(i._printf_core) for _printf_core
    printfa.o(i.__0vsnprintf) refers to printfa.o(i._snputc) for _snputc
    printfa.o(i.__0vsprintf) refers (Special) to iusefp.o(.text) for __I$use$fp
    printfa.o(i.__0vsprintf) refers to printfa.o(i._printf_core) for _printf_core
    printfa.o(i.__0vsprintf) refers to printfa.o(i._sputc) for _sputc
    printfa.o(i._fp_digits) refers (Special) to iusefp.o(.text) for __I$use$fp
    printfa.o(i._fp_digits) refers to dmul.o(.text) for __aeabi_dmul
    printfa.o(i._fp_digits) refers to ddiv.o(.text) for __aeabi_ddiv
    printfa.o(i._fp_digits) refers to cdrcmple.o(.text) for __aeabi_cdrcmple
    printfa.o(i._fp_digits) refers to dadd.o(.text) for __aeabi_dadd
    printfa.o(i._fp_digits) refers to dfixul.o(.text) for __aeabi_d2ulz
    printfa.o(i._fp_digits) refers to uldiv.o(.text) for __aeabi_uldivmod
    printfa.o(i._printf_core) refers (Special) to iusefp.o(.text) for __I$use$fp
    printfa.o(i._printf_core) refers to printfa.o(i._printf_pre_padding) for _printf_pre_padding
    printfa.o(i._printf_core) refers to uldiv.o(.text) for __aeabi_uldivmod
    printfa.o(i._printf_core) refers to printfa.o(i._printf_post_padding) for _printf_post_padding
    printfa.o(i._printf_core) refers to printfa.o(i._fp_digits) for _fp_digits
    printfa.o(i._printf_core) refers to uidiv.o(.text) for __aeabi_uidivmod
    printfa.o(i._printf_post_padding) refers (Special) to iusefp.o(.text) for __I$use$fp
    printfa.o(i._printf_pre_padding) refers (Special) to iusefp.o(.text) for __I$use$fp
    printfa.o(i._snputc) refers (Special) to iusefp.o(.text) for __I$use$fp
    printfa.o(i._sputc) refers (Special) to iusefp.o(.text) for __I$use$fp
    entry2.o(.ARM.Collect$$$$00000001) refers to entry2.o(.ARM.Collect$$$$00002712) for __lit__00000000
    entry2.o(.ARM.Collect$$$$00002712) refers to arm_startup_nrf51.o(STACK) for __initial_sp
    entry2.o(__vectab_stack_and_reset_area) refers to arm_startup_nrf51.o(STACK) for __initial_sp
    entry2.o(__vectab_stack_and_reset_area) refers to entry.o(.ARM.Collect$$$$00000000) for __main
    entry5.o(.ARM.Collect$$$$00000004) refers to init.o(.text) for __scatterload
    entry9a.o(.ARM.Collect$$$$0000000B) refers to main.o(.text) for main
    entry9b.o(.ARM.Collect$$$$0000000C) refers to main.o(.text) for main
    uldiv.o(.text) refers to llushr.o(.text) for __aeabi_llsr
    uldiv.o(.text) refers to llshl.o(.text) for __aeabi_llsl
    dadd.o(.text) refers to llshl.o(.text) for __aeabi_llsl
    dadd.o(.text) refers to llsshr.o(.text) for __aeabi_lasr
    dadd.o(.text) refers to depilogue.o(.text) for _double_epilogue
    dmul.o(.text) refers to depilogue.o(.text) for _double_epilogue
    ddiv.o(.text) refers to depilogue.o(.text) for _double_round
    dfixul.o(.text) refers to llushr.o(.text) for __aeabi_llsr
    dfixul.o(.text) refers to llshl.o(.text) for __aeabi_llsl
    init.o(.text) refers to entry5.o(.ARM.Collect$$$$00000004) for __main_after_scatterload
    depilogue.o(.text) refers to depilogue.o(i.__ARM_clz) for __ARM_clz
    depilogue.o(.text) refers to llshl.o(.text) for __aeabi_llsl
    depilogue.o(.text) refers to llushr.o(.text) for __aeabi_llsr


==============================================================================

Removing Unused input sections from the image.

    Removing system_nrf51.o(.rev16_text), (4 bytes).
    Removing system_nrf51.o(.revsh_text), (4 bytes).
    Removing system_nrf51.o(.text), (16 bytes).
    Removing arm_startup_nrf51.o(HEAP), (2048 bytes).
    Removing ble_srv_common.o(.rev16_text), (4 bytes).
    Removing ble_srv_common.o(.revsh_text), (4 bytes).
    Removing ble_srv_common.o(.text), (12 bytes).
    Removing ble_srv_common.o(.text), (18 bytes).
    Removing ble_nus.o(.rev16_text), (4 bytes).
    Removing ble_nus.o(.revsh_text), (4 bytes).
    Removing ble_advdata.o(.rev16_text), (4 bytes).
    Removing ble_advdata.o(.revsh_text), (4 bytes).
    Removing ble_conn_params.o(.rev16_text), (4 bytes).
    Removing ble_conn_params.o(.revsh_text), (4 bytes).
    Removing ble_conn_params.o(.text), (16 bytes).
    Removing ble_conn_params.o(.text), (80 bytes).
    Removing ble_flash.o(.rev16_text), (4 bytes).
    Removing ble_flash.o(.revsh_text), (4 bytes).
    Removing ble_flash.o(.text), (60 bytes).
    Removing ble_flash.o(.text), (44 bytes).
    Removing ble_flash.o(.text), (64 bytes).
    Removing ble_flash.o(.text), (10 bytes).
    Removing ble_flash.o(.text), (36 bytes).
    Removing ble_flash.o(.text), (22 bytes).
    Removing ble_flash.o(.text), (132 bytes).
    Removing ble_flash.o(.text), (80 bytes).
    Removing ble_flash.o(.text), (16 bytes).
    Removing ble_flash.o(.text), (12 bytes).
    Removing ble_flash.o(.data), (1 bytes).
    Removing softdevice_handler.o(.rev16_text), (4 bytes).
    Removing softdevice_handler.o(.revsh_text), (4 bytes).
    Removing softdevice_handler.o(.text), (24 bytes).
    Removing softdevice_handler.o(.text), (20 bytes).
    Removing nrf_delay.o(.rev16_text), (4 bytes).
    Removing nrf_delay.o(.revsh_text), (4 bytes).
    Removing simple_uart.o(.rev16_text), (4 bytes).
    Removing simple_uart.o(.revsh_text), (4 bytes).
    Removing simple_uart.o(.emb_text), (30 bytes).
    Removing simple_uart.o(.text), (28 bytes).
    Removing simple_uart.o(.text), (64 bytes).
    Removing simple_uart.o(.text), (24 bytes).
    Removing app_timer.o(.rev16_text), (4 bytes).
    Removing app_timer.o(.revsh_text), (4 bytes).
    Removing app_timer.o(.text), (68 bytes).
    Removing app_timer.o(.text), (16 bytes).
    Removing app_timer.o(.text), (12 bytes).
    Removing app_button.o(.rev16_text), (4 bytes).
    Removing app_button.o(.revsh_text), (4 bytes).
    Removing app_button.o(.text), (144 bytes).
    Removing app_button.o(.text), (36 bytes).
    Removing app_button.o(.text), (140 bytes).
    Removing app_button.o(.text), (28 bytes).
    Removing app_button.o(.text), (36 bytes).
    Removing app_button.o(.text), (64 bytes).
    Removing app_button.o(.data), (28 bytes).
    Removing app_gpiote.o(.rev16_text), (4 bytes).
    Removing app_gpiote.o(.revsh_text), (4 bytes).
    Removing app_gpiote.o(.text), (60 bytes).
    Removing app_gpiote.o(.text), (100 bytes).
    Removing app_gpiote.o(.text), (76 bytes).
    Removing app_gpiote.o(.text), (148 bytes).
    Removing app_gpiote.o(.text), (64 bytes).
    Removing app_gpiote.o(.text), (52 bytes).
    Removing main.o(.rev16_text), (4 bytes).
    Removing main.o(.revsh_text), (4 bytes).
    Removing main.o(.emb_text), (30 bytes).
    Removing main.o(.data), (3 bytes).
    Removing adc_apps.o(.rev16_text), (4 bytes).
    Removing adc_apps.o(.revsh_text), (4 bytes).
    Removing adc_apps.o(.emb_text), (30 bytes).
    Removing ble_proximity.o(.rev16_text), (4 bytes).
    Removing ble_proximity.o(.revsh_text), (4 bytes).
    Removing ble_proximity.o(.emb_text), (30 bytes).
    Removing ble_apps_uart.o(.rev16_text), (4 bytes).
    Removing ble_apps_uart.o(.revsh_text), (4 bytes).
    Removing ble_apps_uart.o(.emb_text), (30 bytes).
    Removing ble_apps_uart.o(.bss), (20 bytes).
    Removing ble_apps_uart.o(.data), (1 bytes).
    Removing ble_apps_uart.o(.data), (1 bytes).
    Removing timer.o(.rev16_text), (4 bytes).
    Removing timer.o(.revsh_text), (4 bytes).
    Removing spi_master.o(.rev16_text), (4 bytes).
    Removing spi_master.o(.revsh_text), (4 bytes).
    Removing spi_master.o(.emb_text), (30 bytes).
    Removing led.o(.rev16_text), (4 bytes).
    Removing led.o(.revsh_text), (4 bytes).
    Removing led.o(.emb_text), (30 bytes).
    Removing led.o(.text), (28 bytes).
    Removing led.o(.text), (40 bytes).
    Removing led.o(.data), (1 bytes).
    Removing oled_096.o(.rev16_text), (4 bytes).
    Removing oled_096.o(.revsh_text), (4 bytes).
    Removing oled_096.o(.emb_text), (30 bytes).
    Removing oled_096.o(.text), (28 bytes).
    Removing oled_096.o(.text), (28 bytes).
    Removing oled_096.o(.text), (50 bytes).
    Removing oled_096.o(.text), (20 bytes).
    Removing oled_096.o(.text), (116 bytes).
    Removing key.o(.rev16_text), (4 bytes).
    Removing key.o(.revsh_text), (4 bytes).
    Removing key.o(.emb_text), (30 bytes).
    Removing uart.o(.rev16_text), (4 bytes).
    Removing uart.o(.revsh_text), (4 bytes).
    Removing uart.o(.emb_text), (30 bytes).
    Removing uart.o(.text), (152 bytes).
    Removing uart.o(.data), (1 bytes).
    Removing retarget.o(.text), (8 bytes).
    Removing retarget.o(.text), (6 bytes).
    Removing retarget.o(.text), (10 bytes).
    Removing retarget.o(.text), (2 bytes).
    Removing retarget.o(.data), (4 bytes).
    Removing rtc.o(.rev16_text), (4 bytes).
    Removing rtc.o(.revsh_text), (4 bytes).
    Removing rtc.o(.emb_text), (30 bytes).
    Removing rtc.o(.text), (12 bytes).
    Removing rtc.o(.text), (12 bytes).
    Removing rtc.o(.text), (12 bytes).
    Removing rtc.o(.text), (12 bytes).
    Removing rtc.o(.text), (12 bytes).
    Removing rtc.o(.text), (12 bytes).
    Removing adc_heart_rate.o(.rev16_text), (4 bytes).
    Removing adc_heart_rate.o(.revsh_text), (4 bytes).
    Removing adc_heart_rate.o(.emb_text), (30 bytes).
    Removing adc_heart_rate.o(.text), (40 bytes).
    Removing dadd.o(.text), (356 bytes).
    Removing dmul.o(.text), (208 bytes).
    Removing ddiv.o(.text), (240 bytes).
    Removing dfixul.o(.text), (64 bytes).
    Removing cdrcmple.o(.text), (40 bytes).
    Removing depilogue.o(.text), (190 bytes).
    Removing depilogue.o(i.__ARM_clz), (46 bytes).

131 unused section(s) (total 6226 bytes) removed from the image.

==============================================================================

Image Symbol Table

    Local Symbols

    Symbol Name                              Value     Ov Type        Size  Object(Section)

    ../clib/microlib/division.c              0x00000000   Number         0  idiv.o ABSOLUTE
    ../clib/microlib/division.c              0x00000000   Number         0  uldiv.o ABSOLUTE
    ../clib/microlib/division.c              0x00000000   Number         0  uidiv.o ABSOLUTE
    ../clib/microlib/init/entry.s            0x00000000   Number         0  entry11b.o ABSOLUTE
    ../clib/microlib/init/entry.s            0x00000000   Number         0  entry10b.o ABSOLUTE
    ../clib/microlib/init/entry.s            0x00000000   Number         0  entry11a.o ABSOLUTE
    ../clib/microlib/init/entry.s            0x00000000   Number         0  entry7b.o ABSOLUTE
    ../clib/microlib/init/entry.s            0x00000000   Number         0  entry8a.o ABSOLUTE
    ../clib/microlib/init/entry.s            0x00000000   Number         0  entry8b.o ABSOLUTE
    ../clib/microlib/init/entry.s            0x00000000   Number         0  entry9b.o ABSOLUTE
    ../clib/microlib/init/entry.s            0x00000000   Number         0  entry10a.o ABSOLUTE
    ../clib/microlib/init/entry.s            0x00000000   Number         0  entry9a.o ABSOLUTE
    ../clib/microlib/init/entry.s            0x00000000   Number         0  entry7a.o ABSOLUTE
    ../clib/microlib/init/entry.s            0x00000000   Number         0  entry5.o ABSOLUTE
    ../clib/microlib/init/entry.s            0x00000000   Number         0  entry2.o ABSOLUTE
    ../clib/microlib/init/entry.s            0x00000000   Number         0  entry.o ABSOLUTE
    ../clib/microlib/longlong.c              0x00000000   Number         0  llsshr.o ABSOLUTE
    ../clib/microlib/longlong.c              0x00000000   Number         0  llushr.o ABSOLUTE
    ../clib/microlib/longlong.c              0x00000000   Number         0  llshl.o ABSOLUTE
    ../clib/microlib/printf/printf.c         0x00000000   Number         0  printf0.o ABSOLUTE
    ../clib/microlib/printf/printf.c         0x00000000   Number         0  printf1.o ABSOLUTE
    ../clib/microlib/printf/printf.c         0x00000000   Number         0  printf2.o ABSOLUTE
    ../clib/microlib/printf/printf.c         0x00000000   Number         0  printf4.o ABSOLUTE
    ../clib/microlib/printf/printf.c         0x00000000   Number         0  printf3.o ABSOLUTE
    ../clib/microlib/printf/printf.c         0x00000000   Number         0  printf5.o ABSOLUTE
    ../clib/microlib/printf/printf.c         0x00000000   Number         0  printf7.o ABSOLUTE
    ../clib/microlib/printf/printf.c         0x00000000   Number         0  printf6.o ABSOLUTE
    ../clib/microlib/printf/printf.c         0x00000000   Number         0  printfa.o ABSOLUTE
    ../clib/microlib/printf/printf.c         0x00000000   Number         0  printfb.o ABSOLUTE
    ../clib/microlib/printf/printf.c         0x00000000   Number         0  printf8.o ABSOLUTE
    ../clib/microlib/printf/stubs.s          0x00000000   Number         0  stubs.o ABSOLUTE
    ../clib/microlib/string/memcpy.c         0x00000000   Number         0  memcpyb.o ABSOLUTE
    ../clib/microlib/string/memcpy.c         0x00000000   Number         0  memcpya.o ABSOLUTE
    ../clib/microlib/string/memset.c         0x00000000   Number         0  memseta.o ABSOLUTE
    ../clib/microlib/string/strlen.c         0x00000000   Number         0  strlen.o ABSOLUTE
    ../clib/microlib/stubs.s                 0x00000000   Number         0  useno.o ABSOLUTE
    ../clib/microlib/stubs.s                 0x00000000   Number         0  iusefp.o ABSOLUTE
    ../fplib/microlib/fpadd.c                0x00000000   Number         0  dadd.o ABSOLUTE
    ../fplib/microlib/fpdiv.c                0x00000000   Number         0  ddiv.o ABSOLUTE
    ../fplib/microlib/fpepilogue.c           0x00000000   Number         0  depilogue.o ABSOLUTE
    ../fplib/microlib/fpfix.c                0x00000000   Number         0  dfixul.o ABSOLUTE
    ../fplib/microlib/fpmul.c                0x00000000   Number         0  dmul.o ABSOLUTE
    ..\Source\app_common\app_button.c        0x00000000   Number         0  app_button.o ABSOLUTE
    ..\Source\app_common\app_gpiote.c        0x00000000   Number         0  app_gpiote.o ABSOLUTE
    ..\Source\app_common\app_timer.c         0x00000000   Number         0  app_timer.o ABSOLUTE
    ..\Source\ble\ble_advdata.c              0x00000000   Number         0  ble_advdata.o ABSOLUTE
    ..\Source\ble\ble_conn_params.c          0x00000000   Number         0  ble_conn_params.o ABSOLUTE
    ..\Source\ble\ble_flash.c                0x00000000   Number         0  ble_flash.o ABSOLUTE
    ..\Source\ble\ble_services\ble_srv_common.c 0x00000000   Number         0  ble_srv_common.o ABSOLUTE
    ..\Source\nrf_delay\nrf_delay.c          0x00000000   Number         0  nrf_delay.o ABSOLUTE
    ..\Source\sd_common\softdevice_handler.c 0x00000000   Number         0  softdevice_handler.o ABSOLUTE
    ..\Source\simple_uart\simple_uart.c      0x00000000   Number         0  simple_uart.o ABSOLUTE
    ..\Source\spi_master\spi_master.c        0x00000000   Number         0  spi_master.o ABSOLUTE
    ..\Source\templates\arm\arm_startup_nrf51.s 0x00000000   Number         0  arm_startup_nrf51.o ABSOLUTE
    ..\Source\templates\system_nrf51.c       0x00000000   Number         0  system_nrf51.o ABSOLUTE
    ..\\Source\\app_common\\app_button.c     0x00000000   Number         0  app_button.o ABSOLUTE
    ..\\Source\\app_common\\app_gpiote.c     0x00000000   Number         0  app_gpiote.o ABSOLUTE
    ..\\Source\\app_common\\app_timer.c      0x00000000   Number         0  app_timer.o ABSOLUTE
    ..\\Source\\ble\\ble_advdata.c           0x00000000   Number         0  ble_advdata.o ABSOLUTE
    ..\\Source\\ble\\ble_conn_params.c       0x00000000   Number         0  ble_conn_params.o ABSOLUTE
    ..\\Source\\ble\\ble_flash.c             0x00000000   Number         0  ble_flash.o ABSOLUTE
    ..\\Source\\ble\\ble_services\\ble_srv_common.c 0x00000000   Number         0  ble_srv_common.o ABSOLUTE
    ..\\Source\\nrf_delay\\nrf_delay.c       0x00000000   Number         0  nrf_delay.o ABSOLUTE
    ..\\Source\\sd_common\\softdevice_handler.c 0x00000000   Number         0  softdevice_handler.o ABSOLUTE
    ..\\Source\\simple_uart\\simple_uart.c   0x00000000   Number         0  simple_uart.o ABSOLUTE
    ..\\Source\\spi_master\\spi_master.c     0x00000000   Number         0  spi_master.o ABSOLUTE
    ..\\Source\\templates\\system_nrf51.c    0x00000000   Number         0  system_nrf51.o ABSOLUTE
    ..\\user\\adc_apps.c                     0x00000000   Number         0  adc_apps.o ABSOLUTE
    ..\\user\\adc_heart_rate.c               0x00000000   Number         0  adc_heart_rate.o ABSOLUTE
    ..\\user\\ble_apps_uart.c                0x00000000   Number         0  ble_apps_uart.o ABSOLUTE
    ..\\user\\ble_nus.c                      0x00000000   Number         0  ble_nus.o ABSOLUTE
    ..\\user\\ble_proximity.c                0x00000000   Number         0  ble_proximity.o ABSOLUTE
    ..\\user\\key.c                          0x00000000   Number         0  key.o ABSOLUTE
    ..\\user\\led.c                          0x00000000   Number         0  led.o ABSOLUTE
    ..\\user\\main.c                         0x00000000   Number         0  main.o ABSOLUTE
    ..\\user\\oled_096.c                     0x00000000   Number         0  oled_096.o ABSOLUTE
    ..\\user\\rtc.c                          0x00000000   Number         0  rtc.o ABSOLUTE
    ..\\user\\timer.c                        0x00000000   Number         0  timer.o ABSOLUTE
    ..\\user\\uart.c                         0x00000000   Number         0  uart.o ABSOLUTE
    ..\user\adc_apps.c                       0x00000000   Number         0  adc_apps.o ABSOLUTE
    ..\user\adc_heart_rate.c                 0x00000000   Number         0  adc_heart_rate.o ABSOLUTE
    ..\user\ble_apps_uart.c                  0x00000000   Number         0  ble_apps_uart.o ABSOLUTE
    ..\user\ble_nus.c                        0x00000000   Number         0  ble_nus.o ABSOLUTE
    ..\user\ble_proximity.c                  0x00000000   Number         0  ble_proximity.o ABSOLUTE
    ..\user\key.c                            0x00000000   Number         0  key.o ABSOLUTE
    ..\user\led.c                            0x00000000   Number         0  led.o ABSOLUTE
    ..\user\main.c                           0x00000000   Number         0  main.o ABSOLUTE
    ..\user\oled_096.c                       0x00000000   Number         0  oled_096.o ABSOLUTE
    ..\user\retarget.c                       0x00000000   Number         0  retarget.o ABSOLUTE
    ..\user\rtc.c                            0x00000000   Number         0  rtc.o ABSOLUTE
    ..\user\timer.c                          0x00000000   Number         0  timer.o ABSOLUTE
    ..\user\uart.c                           0x00000000   Number         0  uart.o ABSOLUTE
    cdrcmple.s                               0x00000000   Number         0  cdrcmple.o ABSOLUTE
    dc.s                                     0x00000000   Number         0  dc.o ABSOLUTE
    handlers.s                               0x00000000   Number         0  handlers.o ABSOLUTE
    init.s                                   0x00000000   Number         0  init.o ABSOLUTE
    RESET                                    0x00014000   Section      192  arm_startup_nrf51.o(RESET)
    .ARM.Collect$$$$00000000                 0x000140c0   Section        0  entry.o(.ARM.Collect$$$$00000000)
    .ARM.Collect$$$$00000001                 0x000140c0   Section        4  entry2.o(.ARM.Collect$$$$00000001)
    .ARM.Collect$$$$00000004                 0x000140c4   Section        4  entry5.o(.ARM.Collect$$$$00000004)
    .ARM.Collect$$$$00000008                 0x000140c8   Section        0  entry7b.o(.ARM.Collect$$$$00000008)
    .ARM.Collect$$$$0000000A                 0x000140c8   Section        0  entry8b.o(.ARM.Collect$$$$0000000A)
    .ARM.Collect$$$$0000000B                 0x000140c8   Section        8  entry9a.o(.ARM.Collect$$$$0000000B)
    .ARM.Collect$$$$0000000D                 0x000140d0   Section        0  entry10a.o(.ARM.Collect$$$$0000000D)
    .ARM.Collect$$$$0000000F                 0x000140d0   Section        0  entry11a.o(.ARM.Collect$$$$0000000F)
    .ARM.Collect$$$$00002712                 0x000140d0   Section        4  entry2.o(.ARM.Collect$$$$00002712)
    __lit__00000000                          0x000140d0   Data           4  entry2.o(.ARM.Collect$$$$00002712)
    .emb_text                                0x000140d4   Section       30  nrf_delay.o(.emb_text)
    .emb_text                                0x000140f4   Section       30  app_timer.o(.emb_text)
    .text                                    0x00014114   Section        0  system_nrf51.o(.text)
    is_manual_peripheral_setup_needed        0x00014155   Thumb Code    66  system_nrf51.o(.text)
    .text                                    0x000141ac   Section       44  arm_startup_nrf51.o(.text)
    .text                                    0x000141d8   Section        0  ble_nus.o(.text)
    rx_char_add                              0x000141d9   Thumb Code   158  ble_nus.o(.text)
    tx_char_add                              0x0001437f   Thumb Code   128  ble_nus.o(.text)
    .text                                    0x00014408   Section        0  ble_advdata.o(.text)
    uuid_list_sized_encode                   0x00014409   Thumb Code   162  ble_advdata.o(.text)
    uuid_list_encode                         0x000144ab   Thumb Code    38  ble_advdata.o(.text)
    adv_data_encode                          0x000144d1   Thumb Code   360  ble_advdata.o(.text)
    uint16_encode                            0x0001469f   Thumb Code    10  ble_advdata.o(.text)
    name_encode                              0x000146a9   Thumb Code   106  ble_advdata.o(.text)
    conn_int_encode                          0x00014713   Thumb Code   126  ble_advdata.o(.text)
    manuf_specific_data_encode               0x00014791   Thumb Code   100  ble_advdata.o(.text)
    service_data_encode                      0x000147f5   Thumb Code   122  ble_advdata.o(.text)
    .text                                    0x00014874   Section        0  ble_conn_params.o(.text)
    update_timeout_handler                   0x00014875   Thumb Code    86  ble_conn_params.o(.text)
    conn_params_negotiation                  0x00014913   Thumb Code    90  ble_conn_params.o(.text)
    is_conn_params_ok                        0x000149f3   Thumb Code    26  ble_conn_params.o(.text)
    .text                                    0x00014a1c   Section        0  softdevice_handler.o(.text)
    .text                                    0x00014b34   Section        0  nrf_delay.o(.text)
    .text                                    0x00014b50   Section        0  simple_uart.o(.text)
    .text                                    0x00014bc0   Section        0  app_timer.o(.text)
    NVIC_SetPriority                         0x00014bc1   Thumb Code    60  app_timer.o(.text)
    timer_list_insert                        0x00014bfd   Thumb Code    94  app_timer.o(.text)
    timer_timeouts_check                     0x00014c5b   Thumb Code   122  app_timer.o(.text)
    list_insertions_handler                  0x00014cd5   Thumb Code   216  app_timer.o(.text)
    user_id_get                              0x00014f0d   Thumb Code    74  app_timer.o(.text)
    rtc1_stop                                0x00015067   Thumb Code    34  app_timer.o(.text)
    timer_list_handler_sched                 0x00015089   Thumb Code    12  app_timer.o(.text)
    elapsed_ticks_acquire                    0x00015095   Thumb Code    58  app_timer.o(.text)
    list_deletions_handler                   0x000150cf   Thumb Code   144  app_timer.o(.text)
    expired_timers_handler                   0x0001515f   Thumb Code    82  app_timer.o(.text)
    compare_reg_update                       0x000151b1   Thumb Code   134  app_timer.o(.text)
    user_op_alloc                            0x00015237   Thumb Code    36  app_timer.o(.text)
    timer_list_remove                        0x0001525b   Thumb Code    88  app_timer.o(.text)
    .text                                    0x000152cc   Section        0  app_gpiote.o(.text)
    .text                                    0x00015374   Section        0  main.o(.text)
    .text                                    0x00015594   Section        0  ble_apps_uart.o(.text)
    on_conn_params_evt                       0x000157db   Thumb Code    32  ble_apps_uart.o(.text)
    conn_params_error_handler                0x000157fb   Thumb Code    14  ble_apps_uart.o(.text)
    advertising_start                        0x00015809   Thumb Code    58  ble_apps_uart.o(.text)
    on_ble_evt                               0x00015843   Thumb Code   232  ble_apps_uart.o(.text)
    ble_evt_dispatch                         0x0001592b   Thumb Code    26  ble_apps_uart.o(.text)
    nrf_gpio_pin_set                         0x00015ac1   Thumb Code    10  ble_apps_uart.o(.text)
    nrf_gpio_pin_clear                       0x00015acb   Thumb Code    10  ble_apps_uart.o(.text)
    gap_params_init                          0x00015ad5   Thumb Code    70  ble_apps_uart.o(.text)
    advertising_init                         0x00015b1b   Thumb Code    92  ble_apps_uart.o(.text)
    sec_params_init                          0x00015b77   Thumb Code    34  ble_apps_uart.o(.text)
    .text                                    0x00015bd0   Section        0  timer.o(.text)
    .text                                    0x00015d04   Section        0  spi_master.o(.text)
    nrf_gpio_pin_set                         0x00015e13   Thumb Code    10  spi_master.o(.text)
    .text                                    0x00015e34   Section        0  oled_096.o(.text)
    nrf_gpio_pin_set                         0x000160cb   Thumb Code    10  oled_096.o(.text)
    .text                                    0x000160ec   Section        0  uart.o(.text)
    .text                                    0x00016450   Section        0  retarget.o(.text)
    .text                                    0x0001645c   Section        0  rtc.o(.text)
    .text                                    0x000166c0   Section        0  adc_heart_rate.o(.text)
    .text                                    0x000168c0   Section        0  uidiv.o(.text)
    .text                                    0x000168ec   Section        0  idiv.o(.text)
    .text                                    0x00016914   Section        0  memcpya.o(.text)
    .text                                    0x00016938   Section        0  memseta.o(.text)
    .text                                    0x0001695c   Section       36  init.o(.text)
    i.__0printf$3                            0x00016980   Section        0  printf3.o(i.__0printf$3)
    i.__ARM_common_switch8                   0x000169a0   Section        0  rtc.o(i.__ARM_common_switch8)
    i.__scatterload_copy                     0x000169ba   Section       14  handlers.o(i.__scatterload_copy)
    i.__scatterload_null                     0x000169c8   Section        2  handlers.o(i.__scatterload_null)
    i.__scatterload_zeroinit                 0x000169ca   Section       14  handlers.o(i.__scatterload_zeroinit)
    i._printf_core                           0x000169d8   Section        0  printf3.o(i._printf_core)
    _printf_core                             0x000169d9   Thumb Code   456  printf3.o(i._printf_core)
    .constdata                               0x00016ba4   Section       16  ble_nus.o(.constdata)
    .constdata                               0x00016bb4   Section        4  ble_apps_uart.o(.constdata)
    .constdata                               0x00016bb8   Section     2660  oled_096.o(.constdata)
    .data                                    0x20002000   Section        4  system_nrf51.o(.data)
    __tagsym$$used                           0x20002000   Number         0  system_nrf51.o(.data)
    .data                                    0x20002004   Section       24  ble_conn_params.o(.data)
    m_change_param                           0x20002004   Data           1  ble_conn_params.o(.data)
    m_update_count                           0x20002005   Data           1  ble_conn_params.o(.data)
    m_conn_handle                            0x20002006   Data           2  ble_conn_params.o(.data)
    m_conn_params_timer_id                   0x20002008   Data           4  ble_conn_params.o(.data)
    m_preferred_conn_params                  0x2000200c   Data           8  ble_conn_params.o(.data)
    m_current_conn_params                    0x20002014   Data           8  ble_conn_params.o(.data)
    .data                                    0x2000201c   Section       20  softdevice_handler.o(.data)
    m_softdevice_enabled                     0x2000201c   Data           1  softdevice_handler.o(.data)
    m_ble_evt_buffer_size                    0x2000201e   Data           2  softdevice_handler.o(.data)
    m_evt_schedule_func                      0x20002020   Data           4  softdevice_handler.o(.data)
    m_evt_buffer                             0x20002024   Data           4  softdevice_handler.o(.data)
    m_ble_evt_handler                        0x20002028   Data           4  softdevice_handler.o(.data)
    m_sys_evt_handler                        0x2000202c   Data           4  softdevice_handler.o(.data)
    .data                                    0x20002030   Section       36  app_timer.o(.data)
    m_node_array_size                        0x20002030   Data           1  app_timer.o(.data)
    m_user_array_size                        0x20002031   Data           1  app_timer.o(.data)
    m_ticks_elapsed_q_read_ind               0x20002032   Data           1  app_timer.o(.data)
    m_ticks_elapsed_q_write_ind              0x20002033   Data           1  app_timer.o(.data)
    mp_nodes                                 0x20002034   Data           4  app_timer.o(.data)
    count                                    0x20002038   Data           4  app_timer.o(.data)
    mp_users                                 0x2000203c   Data           4  app_timer.o(.data)
    m_timer_id_head                          0x20002040   Data           4  app_timer.o(.data)
    m_ticks_latest                           0x20002044   Data           4  app_timer.o(.data)
    m_evt_schedule_func                      0x20002048   Data           4  app_timer.o(.data)
    m_ticks_elapsed                          0x2000204c   Data           8  app_timer.o(.data)
    .data                                    0x20002054   Section       12  app_gpiote.o(.data)
    m_user_array_size                        0x20002054   Data           1  app_gpiote.o(.data)
    m_user_count                             0x20002055   Data           1  app_gpiote.o(.data)
    mp_users                                 0x20002058   Data           4  app_gpiote.o(.data)
    m_enabled_users_mask                     0x2000205c   Data           4  app_gpiote.o(.data)
    .data                                    0x20002060   Section        7  main.o(.data)
    .data                                    0x20002068   Section       14  ble_apps_uart.o(.data)
    m_conn_handle                            0x2000206a   Data           2  ble_apps_uart.o(.data)
    m_sec_params                             0x20002070   Data           6  ble_apps_uart.o(.data)
    .data                                    0x20002076   Section        1  ble_apps_uart.o(.data)
    .data                                    0x20002078   Section        8  timer.o(.data)
    .data                                    0x20002080   Section        8  oled_096.o(.data)
    .data                                    0x20002088   Section        1  uart.o(.data)
    .data                                    0x2000208c   Section        4  retarget.o(.data)
    .data                                    0x20002090   Section       12  rtc.o(.data)
    .data                                    0x2000209c   Section       60  adc_heart_rate.o(.data)
    .bss                                     0x200020d8   Section       28  ble_conn_params.o(.bss)
    m_conn_params_config                     0x200020d8   Data          28  ble_conn_params.o(.bss)
    .bss                                     0x200020f4   Section      696  ble_apps_uart.o(.bss)
    APP_TIMER_BUF                            0x200020f4   Data         536  ble_apps_uart.o(.bss)
    m_auth_status                            0x2000230c   Data          50  ble_apps_uart.o(.bss)
    EVT_BUFFER                               0x20002340   Data          80  ble_apps_uart.o(.bss)
    .bss                                     0x200023ac   Section     1152  oled_096.o(.bss)
    .bss                                     0x2000282c   Section       64  uart.o(.bss)
    .bss                                     0x2000286c   Section       12  rtc.o(.bss)
    .bss                                     0x20002878   Section       64  adc_heart_rate.o(.bss)
    STACK                                    0x200028b8   Section     2048  arm_startup_nrf51.o(STACK)

    Global Symbols

    Symbol Name                              Value     Ov Type        Size  Object(Section)

    BuildAttributes$$THM_ISAv3M$S$PE$A:L22$X:L11$S22$IEEE1$IW$USESV6$~STKCKD$USESV7$~SHL$OSPACE$ROPI$EBA8$MICROLIB$REQ8$PRES8$EABIv2 0x00000000   Number         0  anon$$obj.o ABSOLUTE
    __ARM_use_no_argv                        0x00000000   Number         0  main.o ABSOLUTE
    __use_no_errno                           0x00000000   Number         0  useno.o ABSOLUTE
    __use_no_exception_handling              0x00000000   Number         0  useno.o ABSOLUTE
    __use_no_fp                              0x00000000   Number         0  useno.o ABSOLUTE
    __use_no_heap                            0x00000000   Number         0  useno.o ABSOLUTE
    __use_no_heap_region                     0x00000000   Number         0  useno.o ABSOLUTE
    __use_no_semihosting                     0x00000000   Number         0  useno.o ABSOLUTE
    __use_no_semihosting_swi                 0x00000000   Number         0  useno.o ABSOLUTE
    __use_no_signal_handling                 0x00000000   Number         0  useno.o ABSOLUTE
    _printf_a                                0x00000000   Number         0  stubs.o ABSOLUTE
    _printf_c                                0x00000000   Number         0  stubs.o ABSOLUTE
    _printf_charcount                        0x00000000   Number         0  stubs.o ABSOLUTE
    _printf_d                                0x00000000   Number         0  stubs.o ABSOLUTE
    _printf_e                                0x00000000   Number         0  stubs.o ABSOLUTE
    _printf_f                                0x00000000   Number         0  stubs.o ABSOLUTE
    _printf_flags                            0x00000000   Number         0  stubs.o ABSOLUTE
    _printf_fp_dec                           0x00000000   Number         0  stubs.o ABSOLUTE
    _printf_fp_hex                           0x00000000   Number         0  stubs.o ABSOLUTE
    _printf_g                                0x00000000   Number         0  stubs.o ABSOLUTE
    _printf_i                                0x00000000   Number         0  stubs.o ABSOLUTE
    _printf_int_dec                          0x00000000   Number         0  stubs.o ABSOLUTE
    _printf_l                                0x00000000   Number         0  stubs.o ABSOLUTE
    _printf_lc                               0x00000000   Number         0  stubs.o ABSOLUTE
    _printf_ll                               0x00000000   Number         0  stubs.o ABSOLUTE
    _printf_lld                              0x00000000   Number         0  stubs.o ABSOLUTE
    _printf_lli                              0x00000000   Number         0  stubs.o ABSOLUTE
    _printf_llo                              0x00000000   Number         0  stubs.o ABSOLUTE
    _printf_llu                              0x00000000   Number         0  stubs.o ABSOLUTE
    _printf_llx                              0x00000000   Number         0  stubs.o ABSOLUTE
    _printf_longlong_dec                     0x00000000   Number         0  stubs.o ABSOLUTE
    _printf_longlong_hex                     0x00000000   Number         0  stubs.o ABSOLUTE
    _printf_longlong_oct                     0x00000000   Number         0  stubs.o ABSOLUTE
    _printf_ls                               0x00000000   Number         0  stubs.o ABSOLUTE
    _printf_mbtowc                           0x00000000   Number         0  stubs.o ABSOLUTE
    _printf_n                                0x00000000   Number         0  stubs.o ABSOLUTE
    _printf_o                                0x00000000   Number         0  stubs.o ABSOLUTE
    _printf_p                                0x00000000   Number         0  stubs.o ABSOLUTE
    _printf_percent                          0x00000000   Number         0  stubs.o ABSOLUTE
    _printf_pre_padding                      0x00000000   Number         0  stubs.o ABSOLUTE
    _printf_return_value                     0x00000000   Number         0  stubs.o ABSOLUTE
    _printf_s                                0x00000000   Number         0  stubs.o ABSOLUTE
    _printf_sizespec                         0x00000000   Number         0  stubs.o ABSOLUTE
    _printf_str                              0x00000000   Number         0  stubs.o ABSOLUTE
    _printf_truncate_signed                  0x00000000   Number         0  stubs.o ABSOLUTE
    _printf_truncate_unsigned                0x00000000   Number         0  stubs.o ABSOLUTE
    _printf_u                                0x00000000   Number         0  stubs.o ABSOLUTE
    _printf_wc                               0x00000000   Number         0  stubs.o ABSOLUTE
    _printf_wctomb                           0x00000000   Number         0  stubs.o ABSOLUTE
    _printf_widthprec                        0x00000000   Number         0  stubs.o ABSOLUTE
    _printf_x                                0x00000000   Number         0  stubs.o ABSOLUTE
    __cpp_initialize__aeabi_                  - Undefined Weak Reference
    __cxa_finalize                            - Undefined Weak Reference
    __decompress                              - Undefined Weak Reference
    _clock_init                               - Undefined Weak Reference
    _microlib_exit                            - Undefined Weak Reference
    __Vectors_Size                           0x000000c0   Number         0  arm_startup_nrf51.o ABSOLUTE
    __Vectors                                0x00014000   Data           4  arm_startup_nrf51.o(RESET)
    __Vectors_End                            0x000140c0   Data           0  arm_startup_nrf51.o(RESET)
    __main                                   0x000140c1   Thumb Code     0  entry.o(.ARM.Collect$$$$00000000)
    _main_stk                                0x000140c1   Thumb Code     0  entry2.o(.ARM.Collect$$$$00000001)
    _main_scatterload                        0x000140c5   Thumb Code     0  entry5.o(.ARM.Collect$$$$00000004)
    __main_after_scatterload                 0x000140c9   Thumb Code     0  entry5.o(.ARM.Collect$$$$00000004)
    _main_clock                              0x000140c9   Thumb Code     0  entry7b.o(.ARM.Collect$$$$00000008)
    _main_cpp_init                           0x000140c9   Thumb Code     0  entry8b.o(.ARM.Collect$$$$0000000A)
    _main_init                               0x000140c9   Thumb Code     0  entry9a.o(.ARM.Collect$$$$0000000B)
    __rt_final_cpp                           0x000140d1   Thumb Code     0  entry10a.o(.ARM.Collect$$$$0000000D)
    __rt_final_exit                          0x000140d1   Thumb Code     0  entry11a.o(.ARM.Collect$$$$0000000F)
    __asm___11_nrf_delay_c_532987f3__nrf_delay_us 0x000140d5   Thumb Code    30  nrf_delay.o(.emb_text)
    __asm___11_app_timer_c_cd27f9c3__nrf_delay_us 0x000140f5   Thumb Code    30  app_timer.o(.emb_text)
    SystemInit                               0x00014115   Thumb Code    64  system_nrf51.o(.text)
    Reset_Handler                            0x000141ad   Thumb Code    18  arm_startup_nrf51.o(.text)
    NMI_Handler                              0x000141bf   Thumb Code     2  arm_startup_nrf51.o(.text)
    HardFault_Handler                        0x000141c1   Thumb Code     2  arm_startup_nrf51.o(.text)
    SVC_Handler                              0x000141c3   Thumb Code     2  arm_startup_nrf51.o(.text)
    PendSV_Handler                           0x000141c5   Thumb Code     2  arm_startup_nrf51.o(.text)
    SysTick_Handler                          0x000141c7   Thumb Code     2  arm_startup_nrf51.o(.text)
    CCM_AAR_IRQHandler                       0x000141c9   Thumb Code     0  arm_startup_nrf51.o(.text)
    ECB_IRQHandler                           0x000141c9   Thumb Code     0  arm_startup_nrf51.o(.text)
    LPCOMP_COMP_IRQHandler                   0x000141c9   Thumb Code     0  arm_startup_nrf51.o(.text)
    POWER_CLOCK_IRQHandler                   0x000141c9   Thumb Code     0  arm_startup_nrf51.o(.text)
    QDEC_IRQHandler                          0x000141c9   Thumb Code     0  arm_startup_nrf51.o(.text)
    RADIO_IRQHandler                         0x000141c9   Thumb Code     0  arm_startup_nrf51.o(.text)
    RNG_IRQHandler                           0x000141c9   Thumb Code     0  arm_startup_nrf51.o(.text)
    RTC0_IRQHandler                          0x000141c9   Thumb Code     0  arm_startup_nrf51.o(.text)
    SPI0_TWI0_IRQHandler                     0x000141c9   Thumb Code     0  arm_startup_nrf51.o(.text)
    SPI1_TWI1_IRQHandler                     0x000141c9   Thumb Code     0  arm_startup_nrf51.o(.text)
    SWI1_IRQHandler                          0x000141c9   Thumb Code     0  arm_startup_nrf51.o(.text)
    SWI3_IRQHandler                          0x000141c9   Thumb Code     0  arm_startup_nrf51.o(.text)
    SWI4_IRQHandler                          0x000141c9   Thumb Code     0  arm_startup_nrf51.o(.text)
    SWI5_IRQHandler                          0x000141c9   Thumb Code     0  arm_startup_nrf51.o(.text)
    TEMP_IRQHandler                          0x000141c9   Thumb Code     0  arm_startup_nrf51.o(.text)
    TIMER0_IRQHandler                        0x000141c9   Thumb Code     0  arm_startup_nrf51.o(.text)
    TIMER1_IRQHandler                        0x000141c9   Thumb Code     0  arm_startup_nrf51.o(.text)
    WDT_IRQHandler                           0x000141c9   Thumb Code     0  arm_startup_nrf51.o(.text)
    ble_nus_on_ble_evt                       0x00014277   Thumb Code    88  ble_nus.o(.text)
    ble_nus_init                             0x000142cf   Thumb Code    98  ble_nus.o(.text)
    ble_nus_send_string                      0x00014331   Thumb Code    78  ble_nus.o(.text)
    ble_advdata_set                          0x00014639   Thumb Code   102  ble_advdata.o(.text)
    ble_conn_params_init                     0x000148cb   Thumb Code    72  ble_conn_params.o(.text)
    ble_conn_params_on_ble_evt               0x0001496d   Thumb Code   134  ble_conn_params.o(.text)
    softdevice_assertion_handler             0x00014a1d   Thumb Code    12  softdevice_handler.o(.text)
    intern_softdevice_events_execute         0x00014a29   Thumb Code   124  softdevice_handler.o(.text)
    softdevice_handler_init                  0x00014aa5   Thumb Code    40  softdevice_handler.o(.text)
    softdevice_ble_evt_handler_set           0x00014acd   Thumb Code    16  softdevice_handler.o(.text)
    SWI2_IRQHandler                          0x00014add   Thumb Code    34  softdevice_handler.o(.text)
    nrf_delay_ms                             0x00014b35   Thumb Code    24  nrf_delay.o(.text)
    simple_uart_put                          0x00014b51   Thumb Code    18  simple_uart.o(.text)
    simple_uart_config                       0x00014b63   Thumb Code    74  simple_uart.o(.text)
    RTC1_IRQHandler                          0x00014dad   Thumb Code    40  app_timer.o(.text)
    SWI0_IRQHandler                          0x00014dd5   Thumb Code    76  app_timer.o(.text)
    app_timer_init                           0x00014e21   Thumb Code   164  app_timer.o(.text)
    app_timer_create                         0x00014ec5   Thumb Code    72  app_timer.o(.text)
    app_timer_start                          0x00014f57   Thumb Code   190  app_timer.o(.text)
    app_timer_stop                           0x00015015   Thumb Code    82  app_timer.o(.text)
    GPIOTE_IRQHandler                        0x000152cd   Thumb Code   150  app_gpiote.o(.text)
    app_error_handler                        0x00015375   Thumb Code    16  main.o(.text)
    assert_nrf_callback                      0x00015385   Thumb Code    16  main.o(.text)
    main                                     0x00015395   Thumb Code   244  main.o(.text)
    BLE_Rx_Decode                            0x00015595   Thumb Code   558  ble_apps_uart.o(.text)
    nus_data_handler                         0x000157c3   Thumb Code    24  ble_apps_uart.o(.text)
    power_manage                             0x00015945   Thumb Code    20  ble_apps_uart.o(.text)
    BLE_UART_Init                            0x00015959   Thumb Code   360  ble_apps_uart.o(.text)
    Timer2_init                              0x00015bd1   Thumb Code    70  timer.o(.text)
    Timer2_handling                          0x00015c17   Thumb Code   130  timer.o(.text)
    TIMER2_IRQHandler                        0x00015c99   Thumb Code    32  timer.o(.text)
    spi_master_init                          0x00015d05   Thumb Code   162  spi_master.o(.text)
    spi_master_tx_rx                         0x00015da7   Thumb Code   108  spi_master.o(.text)
    OLED_WR_Byte                             0x00015e35   Thumb Code    54  oled_096.o(.text)
    OLED_Refresh_Gram                        0x00015e6b   Thumb Code    68  oled_096.o(.text)
    OLED_Clear                               0x00015eaf   Thumb Code    38  oled_096.o(.text)
    OLED_DrawPoint                           0x00015ed5   Thumb Code    52  oled_096.o(.text)
    OLED_ShowChar                            0x00015f09   Thumb Code   126  oled_096.o(.text)
    OLED_ShowString                          0x00015f87   Thumb Code    62  oled_096.o(.text)
    OLED_Init                                0x00015fc5   Thumb Code   262  oled_096.o(.text)
    UART_Decode                              0x000160ed   Thumb Code   468  uart.o(.text)
    UART0_IRQHandler                         0x000162c1   Thumb Code    44  uart.o(.text)
    UART_init                                0x000162ed   Thumb Code    72  uart.o(.text)
    Convert_8bit_to_BCD_ASCII                0x00016335   Thumb Code    70  uart.o(.text)
    Convert_16bit_to_BCD_ASCII               0x0001637b   Thumb Code   122  uart.o(.text)
    fputc                                    0x00016451   Thumb Code    12  retarget.o(.text)
    monthDay                                 0x0001645d   Thumb Code    74  rtc.o(.text)
    RTC_Update                               0x000164a7   Thumb Code    92  rtc.o(.text)
    rtc_timeout_handler                      0x00016503   Thumb Code    18  rtc.o(.text)
    RTC_Init                                 0x00016515   Thumb Code    48  rtc.o(.text)
    rtc_config                               0x00016545   Thumb Code    34  rtc.o(.text)
    RTC_Run                                  0x00016567   Thumb Code   238  rtc.o(.text)
    ADC_Heart_Rate_Init                      0x000166c1   Thumb Code    52  adc_heart_rate.o(.text)
    ADC_IRQHandler                           0x000166f5   Thumb Code    40  adc_heart_rate.o(.text)
    adc_start                                0x0001671d   Thumb Code    30  adc_heart_rate.o(.text)
    adc_Heart_Signal_Process                 0x0001673b   Thumb Code   348  adc_heart_rate.o(.text)
    __aeabi_uidiv                            0x000168c1   Thumb Code     0  uidiv.o(.text)
    __aeabi_uidivmod                         0x000168c1   Thumb Code    44  uidiv.o(.text)
    __aeabi_idiv                             0x000168ed   Thumb Code     0  idiv.o(.text)
    __aeabi_idivmod                          0x000168ed   Thumb Code    40  idiv.o(.text)
    __aeabi_memcpy                           0x00016915   Thumb Code    36  memcpya.o(.text)
    __aeabi_memcpy4                          0x00016915   Thumb Code     0  memcpya.o(.text)
    __aeabi_memcpy8                          0x00016915   Thumb Code     0  memcpya.o(.text)
    __aeabi_memset                           0x00016939   Thumb Code    14  memseta.o(.text)
    __aeabi_memset4                          0x00016939   Thumb Code     0  memseta.o(.text)
    __aeabi_memset8                          0x00016939   Thumb Code     0  memseta.o(.text)
    __aeabi_memclr                           0x00016947   Thumb Code     4  memseta.o(.text)
    __aeabi_memclr4                          0x00016947   Thumb Code     0  memseta.o(.text)
    __aeabi_memclr8                          0x00016947   Thumb Code     0  memseta.o(.text)
    _memset$wrapper                          0x0001694b   Thumb Code    18  memseta.o(.text)
    __scatterload                            0x0001695d   Thumb Code    28  init.o(.text)
    __scatterload_rt2                        0x0001695d   Thumb Code     0  init.o(.text)
    __0printf$3                              0x00016981   Thumb Code    24  printf3.o(i.__0printf$3)
    __1printf$3                              0x00016981   Thumb Code     0  printf3.o(i.__0printf$3)
    __2printf                                0x00016981   Thumb Code     0  printf3.o(i.__0printf$3)
    __ARM_common_switch8                     0x000169a1   Thumb Code    26  rtc.o(i.__ARM_common_switch8)
    __scatterload_copy                       0x000169bb   Thumb Code    14  handlers.o(i.__scatterload_copy)
    __scatterload_null                       0x000169c9   Thumb Code     2  handlers.o(i.__scatterload_null)
    __scatterload_zeroinit                   0x000169cb   Thumb Code    14  handlers.o(i.__scatterload_zeroinit)
    oled_asc2_1206                           0x00016bb8   Data        1140  oled_096.o(.constdata)
    oled_asc2_1608                           0x0001702c   Data        1520  oled_096.o(.constdata)
    Region$$Table$$Base                      0x0001761c   Number         0  anon$$obj.o(Region$$Table)
    Region$$Table$$Limit                     0x0001763c   Number         0  anon$$obj.o(Region$$Table)
    SystemCoreClock                          0x20002000   Data           4  system_nrf51.o(.data)
    Firmware_Ver                             0x20002060   Data           7  main.o(.data)
    change_state                             0x20002068   Data           1  ble_apps_uart.o(.data)
    states                                   0x2000206c   Data           4  ble_apps_uart.o(.data)
    BT_TR_time_count                         0x20002076   Data           1  ble_apps_uart.o(.data)
    LED_Sys_Cnt                              0x20002078   Data           4  timer.o(.data)
    Timeout_1sec_Cnt                         0x2000207c   Data           4  timer.o(.data)
    OLED_Contrast                            0x20002080   Data           1  oled_096.o(.data)
    spi_base_address                         0x20002084   Data           4  oled_096.o(.data)
    rx_flag                                  0x20002088   Data           1  uart.o(.data)
    __stdout                                 0x2000208c   Data           4  retarget.o(.data)
    m_rtc_update_timer_id                    0x20002090   Data           4  rtc.o(.data)
    temp_buffer                              0x20002094   Data           8  rtc.o(.data)
    HRM_Run                                  0x2000209c   Data           1  adc_heart_rate.o(.data)
    HRM_Update                               0x2000209d   Data           1  adc_heart_rate.o(.data)
    firstBeat                                0x2000209e   Data           1  adc_heart_rate.o(.data)
    secondBeat                               0x2000209f   Data           1  adc_heart_rate.o(.data)
    Pulse                                    0x200020a0   Data           1  adc_heart_rate.o(.data)
    QS                                       0x200020a1   Data           1  adc_heart_rate.o(.data)
    adc_result                               0x200020a2   Data           2  adc_heart_rate.o(.data)
    runningTotal                             0x200020a4   Data           2  adc_heart_rate.o(.data)
    Signal                                   0x200020a6   Data           2  adc_heart_rate.o(.data)
    ADC_Sample_Per_Sec                       0x200020a8   Data           4  adc_heart_rate.o(.data)
    rate_max                                 0x200020ac   Data           4  adc_heart_rate.o(.data)
    rate_min                                 0x200020b0   Data           4  adc_heart_rate.o(.data)
    sampleCounter                            0x200020b4   Data           4  adc_heart_rate.o(.data)
    lastBeatTime                             0x200020b8   Data           4  adc_heart_rate.o(.data)
    P                                        0x200020bc   Data           4  adc_heart_rate.o(.data)
    T                                        0x200020c0   Data           4  adc_heart_rate.o(.data)
    thresh                                   0x200020c4   Data           4  adc_heart_rate.o(.data)
    Pulse_amp                                0x200020c8   Data           4  adc_heart_rate.o(.data)
    Pulse_Timing                             0x200020cc   Data           4  adc_heart_rate.o(.data)
    IBI                                      0x200020d0   Data           4  adc_heart_rate.o(.data)
    BPM                                      0x200020d4   Data           4  adc_heart_rate.o(.data)
    m_nus                                    0x20002390   Data          28  ble_apps_uart.o(.bss)
    spi0_tx_data                             0x200023ac   Data          64  oled_096.o(.bss)
    spi0_rx_data                             0x200023ec   Data          64  oled_096.o(.bss)
    OLED_GRAM                                0x2000242c   Data        1024  oled_096.o(.bss)
    Rx_Buff                                  0x2000282c   Data          64  uart.o(.bss)
    RTC_Con                                  0x2000286c   Data          12  rtc.o(.bss)
    rate                                     0x20002878   Data          64  adc_heart_rate.o(.bss)
    __initial_sp                             0x200030b8   Data           0  arm_startup_nrf51.o(STACK)



==============================================================================

Memory Map of the image

  Image Entry point : 0x000140c1

  Load Region LR_IROM1 (Base: 0x00014000, Size: 0x00003714, Max: 0x0002c000, ABSOLUTE)

    Execution Region ER_IROM1 (Base: 0x00014000, Size: 0x0000363c, Max: 0x0002c000, ABSOLUTE)

    Base Addr    Size         Type   Attr      Idx    E Section Name        Object

    0x00014000   0x000000c0   Data   RO           68    RESET               arm_startup_nrf51.o
    0x000140c0   0x00000000   Code   RO         1366  * .ARM.Collect$$$$00000000  mc_p.l(entry.o)
    0x000140c0   0x00000004   Code   RO         1642    .ARM.Collect$$$$00000001  mc_p.l(entry2.o)
    0x000140c4   0x00000004   Code   RO         1645    .ARM.Collect$$$$00000004  mc_p.l(entry5.o)
    0x000140c8   0x00000000   Code   RO         1647    .ARM.Collect$$$$00000008  mc_p.l(entry7b.o)
    0x000140c8   0x00000000   Code   RO         1649    .ARM.Collect$$$$0000000A  mc_p.l(entry8b.o)
    0x000140c8   0x00000008   Code   RO         1650    .ARM.Collect$$$$0000000B  mc_p.l(entry9a.o)
    0x000140d0   0x00000000   Code   RO         1652    .ARM.Collect$$$$0000000D  mc_p.l(entry10a.o)
    0x000140d0   0x00000000   Code   RO         1654    .ARM.Collect$$$$0000000F  mc_p.l(entry11a.o)
    0x000140d0   0x00000004   Code   RO         1643    .ARM.Collect$$$$00002712  mc_p.l(entry2.o)
    0x000140d4   0x0000001e   Code   RO          455    .emb_text           nrf_delay.o
    0x000140f2   0x00000002   PAD
    0x000140f4   0x0000001e   Code   RO          535    .emb_text           app_timer.o
    0x00014112   0x00000002   PAD
    0x00014114   0x00000098   Code   RO            4    .text               system_nrf51.o
    0x000141ac   0x0000002c   Code   RO           69    .text               arm_startup_nrf51.o
    0x000141d8   0x00000230   Code   RO          141    .text               ble_nus.o
    0x00014408   0x0000046c   Code   RO          198    .text               ble_advdata.o
    0x00014874   0x000001a8   Code   RO          227    .text               ble_conn_params.o
    0x00014a1c   0x00000118   Code   RO          373    .text               softdevice_handler.o
    0x00014b34   0x0000001c   Code   RO          456    .text               nrf_delay.o
    0x00014b50   0x00000070   Code   RO          489    .text               simple_uart.o
    0x00014bc0   0x0000070c   Code   RO          536    .text               app_timer.o
    0x000152cc   0x000000a8   Code   RO          666    .text               app_gpiote.o
    0x00015374   0x00000220   Code   RO          733    .text               main.o
    0x00015594   0x0000063c   Code   RO          888    .text               ble_apps_uart.o
    0x00015bd0   0x00000134   Code   RO          978    .text               timer.o
    0x00015d04   0x00000130   Code   RO         1019    .text               spi_master.o
    0x00015e34   0x000002b8   Code   RO         1092    .text               oled_096.o
    0x000160ec   0x00000364   Code   RO         1172    .text               uart.o
    0x00016450   0x0000000c   Code   RO         1212    .text               retarget.o
    0x0001645c   0x00000264   Code   RO         1265    .text               rtc.o
    0x000166c0   0x00000200   Code   RO         1332    .text               adc_heart_rate.o
    0x000168c0   0x0000002c   Code   RO         1369    .text               mc_p.l(uidiv.o)
    0x000168ec   0x00000028   Code   RO         1371    .text               mc_p.l(idiv.o)
    0x00016914   0x00000024   Code   RO         1373    .text               mc_p.l(memcpya.o)
    0x00016938   0x00000024   Code   RO         1375    .text               mc_p.l(memseta.o)
    0x0001695c   0x00000024   Code   RO         1669    .text               mc_p.l(init.o)
    0x00016980   0x00000020   Code   RO         1470    i.__0printf$3       mc_p.l(printf3.o)
    0x000169a0   0x0000001a   Code   RO         1323    i.__ARM_common_switch8  rtc.o
    0x000169ba   0x0000000e   Code   RO         1683    i.__scatterload_copy  mc_p.l(handlers.o)
    0x000169c8   0x00000002   Code   RO         1684    i.__scatterload_null  mc_p.l(handlers.o)
    0x000169ca   0x0000000e   Code   RO         1685    i.__scatterload_zeroinit  mc_p.l(handlers.o)
    0x000169d8   0x000001cc   Code   RO         1477    i._printf_core      mc_p.l(printf3.o)
    0x00016ba4   0x00000010   Data   RO          142    .constdata          ble_nus.o
    0x00016bb4   0x00000004   Data   RO          891    .constdata          ble_apps_uart.o
    0x00016bb8   0x00000a64   Data   RO         1099    .constdata          oled_096.o
    0x0001761c   0x00000020   Data   RO         1681    Region$$Table       anon$$obj.o


    Execution Region RW_IRAM1 (Base: 0x20002000, Size: 0x000010b8, Max: 0x00002000, ABSOLUTE)

    Base Addr    Size         Type   Attr      Idx    E Section Name        Object

    0x20002000   0x00000004   Data   RW            5    .data               system_nrf51.o
    0x20002004   0x00000018   Data   RW          231    .data               ble_conn_params.o
    0x2000201c   0x00000014   Data   RW          376    .data               softdevice_handler.o
    0x20002030   0x00000024   Data   RW          540    .data               app_timer.o
    0x20002054   0x0000000c   Data   RW          673    .data               app_gpiote.o
    0x20002060   0x00000007   Data   RW          734    .data               main.o
    0x20002067   0x00000001   PAD
    0x20002068   0x0000000e   Data   RW          892    .data               ble_apps_uart.o
    0x20002076   0x00000001   Data   RW          893    .data               ble_apps_uart.o
    0x20002077   0x00000001   PAD
    0x20002078   0x00000008   Data   RW          979    .data               timer.o
    0x20002080   0x00000008   Data   RW         1100    .data               oled_096.o
    0x20002088   0x00000001   Data   RW         1176    .data               uart.o
    0x20002089   0x00000003   PAD
    0x2000208c   0x00000004   Data   RW         1217    .data               retarget.o
    0x20002090   0x0000000c   Data   RW         1273    .data               rtc.o
    0x2000209c   0x0000003c   Data   RW         1335    .data               adc_heart_rate.o
    0x200020d8   0x0000001c   Zero   RW          230    .bss                ble_conn_params.o
    0x200020f4   0x000002b8   Zero   RW          889    .bss                ble_apps_uart.o
    0x200023ac   0x00000480   Zero   RW         1098    .bss                oled_096.o
    0x2000282c   0x00000040   Zero   RW         1174    .bss                uart.o
    0x2000286c   0x0000000c   Zero   RW         1272    .bss                rtc.o
    0x20002878   0x00000040   Zero   RW         1334    .bss                adc_heart_rate.o
    0x200028b8   0x00000800   Zero   RW           66    STACK               arm_startup_nrf51.o


==============================================================================

Image component sizes


      Code (inc. data)   RO Data    RW Data    ZI Data      Debug   Object Name

       512         42          0         60         64       8717   adc_heart_rate.o
       168         18          0         12          0       8624   app_gpiote.o
      1834         94          0         36          0      21389   app_timer.o
        44         14        192          0       2048        680   arm_startup_nrf51.o
      1132          6          0          0          0       9166   ble_advdata.o
      1596        176          4         15        696      22627   ble_apps_uart.o
       424         16          0         24         28       6206   ble_conn_params.o
         0          0          0          0          0       2244   ble_flash.o
       560         10         16          0          0      30962   ble_nus.o
         0          0          0          0          0      16044   ble_srv_common.o
       544        268          0          7          0      33904   main.o
        58          4          0          0          0       1403   nrf_delay.o
       696         24       2660          8       1152       3865   oled_096.o
        12          0          0          4          0       2358   retarget.o
       638        124          0         12         12       2673   rtc.o
       112         20          0          0          0       3503   simple_uart.o
       280         54          0         20          0      21563   softdevice_handler.o
       304         24          0          0          0       4767   spi_master.o
       152         22          0          4          0      22531   system_nrf51.o
       308         76          0          8          0       4174   timer.o
       868         92          0          1         64       2842   uart.o

    ----------------------------------------------------------------------
     10246       1084       2904        216       4064     230242   Object Totals
         0          0         32          0          0          0   (incl. Generated)
         4          0          0          5          0          0   (incl. Padding)

    ----------------------------------------------------------------------

      Code (inc. data)   RO Data    RW Data    ZI Data      Debug   Library Member Name

         0          0          0          0          0          0   entry.o
         0          0          0          0          0          0   entry10a.o
         0          0          0          0          0          0   entry11a.o
         8          4          0          0          0          0   entry2.o
         4          0          0          0          0          0   entry5.o
         0          0          0          0          0          0   entry7b.o
         0          0          0          0          0          0   entry8b.o
         8          4          0          0          0          0   entry9a.o
        30          0          0          0          0          0   handlers.o
        40          0          0          0          0         72   idiv.o
        36          8          0          0          0         68   init.o
        36          0          0          0          0         60   memcpya.o
        36          0          0          0          0        100   memseta.o
       492         12          0          0          0        168   printf3.o
        44          0          0          0          0         72   uidiv.o

    ----------------------------------------------------------------------
       734         28          0          0          0        540   Library Totals
         0          0          0          0          0          0   (incl. Padding)

    ----------------------------------------------------------------------

      Code (inc. data)   RO Data    RW Data    ZI Data      Debug   Library Name

       734         28          0          0          0        540   mc_p.l

    ----------------------------------------------------------------------
       734         28          0          0          0        540   Library Totals

    ----------------------------------------------------------------------

==============================================================================


      Code (inc. data)   RO Data    RW Data    ZI Data      Debug   

     10980       1112       2904        216       4064     229466   Grand Totals
     10980       1112       2904        216       4064     229466   ELF Image Totals
     10980       1112       2904        216          0          0   ROM Totals

==============================================================================

    Total RO  Size (Code + RO Data)                13884 (  13.56kB)
    Total RW  Size (RW Data + ZI Data)              4280 (   4.18kB)
    Total ROM Size (Code + RO Data + RW Data)      14100 (  13.77kB)

==============================================================================

